Archive member included to satisfy reference by file (symbol)

../bmengine/libbmengine.a(bmengine.o)
                              i_input_atari.o (symbol from plugin) (_jpad1)
/usr/m68k-ataribrown-elf/lib/m68020/softfp/libc.a(checkcpu.o)
                              /usr/m68k-ataribrown-elf/lib/crt0.o (__checkcpu)
/usr/m68k-ataribrown-elf/lib/m68020/softfp/libc.a(crtinit.o)
                              /usr/m68k-ataribrown-elf/lib/crt0.o (__acc_main)
/usr/m68k-ataribrown-elf/lib/m68020/softfp/libc.a(ctype.o)
                              vsnprint.o (symbol from plugin) (__ctype)
/usr/m68k-ataribrown-elf/lib/m68020/softfp/libc.a(getenv.o)
                              /usr/m68k-ataribrown-elf/lib/m68020/softfp/libc.a(crtinit.o) (_getenv)
/usr/m68k-ataribrown-elf/lib/m68020/softfp/libc.a(globals.o)
                              i_system.o (symbol from plugin) (_stderr)
/usr/m68k-ataribrown-elf/lib/m68020/softfp/libc.a(heapbase.o)
                              /usr/m68k-ataribrown-elf/lib/crt0.o (__heapbase)
/usr/m68k-ataribrown-elf/lib/m68020/softfp/libc.a(ident.o)
                              /usr/m68k-ataribrown-elf/lib/crt0.o (___Ident_gnulib)
/usr/m68k-ataribrown-elf/lib/m68020/softfp/libc.a(ident_dummy_gem.o)
                              /usr/m68k-ataribrown-elf/lib/crt0.o (___Ident_gem)
/usr/m68k-ataribrown-elf/lib/m68020/softfp/libc.a(inistack.o)
                              /usr/m68k-ataribrown-elf/lib/m68020/softfp/libc.a(crtinit.o) (__initial_stack)
/usr/m68k-ataribrown-elf/lib/m68020/softfp/libc.a(main.o)
                              /usr/m68k-ataribrown-elf/lib/m68020/softfp/libc.a(crtinit.o) (__main)
/usr/m68k-ataribrown-elf/lib/m68020/softfp/libc.a(malloc.o)
                              /usr/m68k-ataribrown-elf/lib/m68020/softfp/libc.a(main.o) (_malloc)
/usr/m68k-ataribrown-elf/lib/m68020/softfp/libc.a(realloc.o)
                              /usr/m68k-ataribrown-elf/lib/m68020/softfp/libc.a(main.o) (_realloc)
/usr/m68k-ataribrown-elf/lib/m68020/softfp/libc.a(setstack.o)
                              /usr/m68k-ataribrown-elf/lib/m68020/softfp/libc.a(crtinit.o) (__setstack)
/usr/m68k-ataribrown-elf/lib/m68020/softfp/libc.a(stksiz.o)
                              /usr/m68k-ataribrown-elf/lib/crt0.o (__stksize)
/usr/m68k-ataribrown-elf/lib/m68020/softfp/libc.a(unx2dos.o)
                              /usr/m68k-ataribrown-elf/lib/m68020/softfp/libc.a(main.o) (__path_dos2unx)
/usr/m68k-ataribrown-elf/lib/m68020/softfp/libc.a(initsig.o)
                              /usr/m68k-ataribrown-elf/lib/m68020/softfp/libc.a(crtinit.o) (__init_signal)
/usr/m68k-ataribrown-elf/lib/m68020/softfp/libc.a(binmode.o)
                              /usr/m68k-ataribrown-elf/lib/m68020/softfp/libc.a(main.o) (___set_binmode)
/usr/m68k-ataribrown-elf/lib/m68020/softfp/libc.a(defmode.o)
                              /usr/m68k-ataribrown-elf/lib/m68020/softfp/libc.a(main.o) (___default_mode__)
/usr/m68k-ataribrown-elf/lib/m68020/softfp/libc.a(fclose.o)
                              inih/ini.o (symbol from plugin) (_fclose)
/usr/m68k-ataribrown-elf/lib/m68020/softfp/libc.a(fflush.o)
                              i_system.o (symbol from plugin) (_fflush)
/usr/m68k-ataribrown-elf/lib/m68020/softfp/libc.a(fgets.o)
                              inih/ini.o (symbol from plugin) (_fgets)
/usr/m68k-ataribrown-elf/lib/m68020/softfp/libc.a(fileno.o)
                              /usr/m68k-ataribrown-elf/lib/m68020/softfp/libc.a(main.o) (_fileno)
/usr/m68k-ataribrown-elf/lib/m68020/softfp/libc.a(fopen.o)
                              inih/ini.o (symbol from plugin) (_fopen)
/usr/m68k-ataribrown-elf/lib/m68020/softfp/libc.a(fread.o)
                              d_main.o (symbol from plugin) (_fread)
/usr/m68k-ataribrown-elf/lib/m68020/softfp/libc.a(fseek.o)
                              d_main.o (symbol from plugin) (_fseek)
/usr/m68k-ataribrown-elf/lib/m68020/softfp/libc.a(ftell.o)
                              d_main.o (symbol from plugin) (_ftell)
/usr/m68k-ataribrown-elf/lib/m68020/softfp/libc.a(getchar.o)
                              i_system.o (symbol from plugin) (_getchar)
/usr/m68k-ataribrown-elf/lib/m68020/softfp/libc.a(internals.o)
                              /usr/m68k-ataribrown-elf/lib/m68020/softfp/libc.a(fileno.o) (___stdio_check_funcs)
/usr/m68k-ataribrown-elf/lib/m68020/softfp/libc.a(newstream.o)
                              /usr/m68k-ataribrown-elf/lib/m68020/softfp/libc.a(fopen.o) (___newstream)
/usr/m68k-ataribrown-elf/lib/m68020/softfp/libc.a(setbuf.o)
                              d_main.o (symbol from plugin) (_setbuf)
/usr/m68k-ataribrown-elf/lib/m68020/softfp/libc.a(setvbuf.o)
                              /usr/m68k-ataribrown-elf/lib/m68020/softfp/libc.a(main.o) (_setvbuf)
/usr/m68k-ataribrown-elf/lib/m68020/softfp/libc.a(stdio_init.o)
                              /usr/m68k-ataribrown-elf/lib/m68020/softfp/libc.a(internals.o) (___stdio_init_stream)
[...]
Memory Configuration

Name             Origin             Length             Attributes
*default*        0x00000000         0xffffffff

Linker script and memory map

LOAD /usr/m68k-ataribrown-elf/lib/crt0.o
LOAD mStartup.o
LOAD /tmp/ccWJ2D8E.ltrans0.ltrans.o
LOAD /tmp/ccWJ2D8E.ltrans1.ltrans.o
LOAD /tmp/ccWJ2D8E.ltrans2.ltrans.o
LOAD /tmp/ccWJ2D8E.ltrans3.ltrans.o
LOAD /tmp/ccWJ2D8E.ltrans4.ltrans.o
LOAD /tmp/ccWJ2D8E.ltrans5.ltrans.o
LOAD /tmp/ccWJ2D8E.ltrans6.ltrans.o
LOAD /tmp/ccWJ2D8E.ltrans7.ltrans.o
LOAD /tmp/ccWJ2D8E.ltrans8.ltrans.o
LOAD /tmp/ccWJ2D8E.ltrans9.ltrans.o
LOAD /tmp/ccWJ2D8E.ltrans10.ltrans.o
LOAD /tmp/ccWJ2D8E.ltrans11.ltrans.o
LOAD /tmp/ccWJ2D8E.ltrans12.ltrans.o
LOAD /tmp/ccWJ2D8E.ltrans13.ltrans.o
LOAD /tmp/ccWJ2D8E.ltrans14.ltrans.o
LOAD /tmp/ccWJ2D8E.ltrans15.ltrans.o
LOAD /tmp/ccWJ2D8E.ltrans16.ltrans.o
LOAD /tmp/ccWJ2D8E.ltrans17.ltrans.o
LOAD /tmp/ccWJ2D8E.ltrans18.ltrans.o
LOAD /tmp/ccWJ2D8E.ltrans19.ltrans.o
LOAD /tmp/ccWJ2D8E.ltrans20.ltrans.o
LOAD /tmp/ccWJ2D8E.ltrans21.ltrans.o
LOAD /tmp/ccWJ2D8E.ltrans22.ltrans.o
LOAD /tmp/ccWJ2D8E.ltrans23.ltrans.o
LOAD /tmp/ccWJ2D8E.ltrans24.ltrans.o
LOAD /tmp/ccWJ2D8E.ltrans25.ltrans.o
LOAD /tmp/ccWJ2D8E.ltrans26.ltrans.o
LOAD /tmp/ccWJ2D8E.ltrans27.ltrans.o
LOAD /tmp/ccWJ2D8E.ltrans28.ltrans.o
LOAD /tmp/ccWJ2D8E.ltrans29.ltrans.o
LOAD /tmp/ccWJ2D8E.ltrans30.ltrans.o
LOAD /tmp/ccWJ2D8E.ltrans31.ltrans.o
LOAD os.o
LOAD memcpy.o
LOAD vsnprint.o
LOAD inih/ini.o
LOAD quantize.o
LOAD doomdef.o
LOAD doomstat.o
LOAD dstrings.o
LOAD d_net.o
LOAD i_system.o
LOAD i_sound_atari.o
LOAD i_music_atari.o
LOAD i_video_atari.o
LOAD i_input_atari.o
LOAD i_net.o
LOAD tables.o
LOAD f_finale.o
LOAD f_wipe.o
LOAD d_main.o
LOAD d_items.o
LOAD g_game.o
LOAD m_menu.o
LOAD m_misc.o
LOAD m_argv.o
LOAD m_bbox.o
LOAD m_fixed.o
LOAD m_swap.o
LOAD m_cheat.o
LOAD m_random.o
LOAD am_map.o
LOAD p_ceilng.o
LOAD p_doors.o
LOAD p_enemy.o
LOAD p_floor.o
LOAD p_inter.o
LOAD p_lights.o
LOAD p_map.o
LOAD p_maputl.o
LOAD p_plats.o
LOAD p_pspr.o
LOAD p_setup.o
LOAD p_sight.o
LOAD p_spec.o
LOAD p_switch.o
LOAD p_mobj.o
LOAD p_telept.o
LOAD p_tick.o
LOAD p_saveg.o
LOAD p_user.o
LOAD r_bsp.o
LOAD r_data.o
LOAD r_draw.o
LOAD r_main.o
LOAD r_plane.o
LOAD r_segs.o
LOAD r_sky.o
LOAD r_things.o
LOAD w_wad.o
LOAD wi_stuff.o
LOAD v_video.o
LOAD st_lib.o
LOAD st_stuff.o
LOAD hu_stuff.o
LOAD hu_lib.o
LOAD s_sound.o
LOAD z_zone.o
LOAD info.o
LOAD sounds.o
LOAD i_main.o
LOAD ../bmengine/libbmengine.a
LOAD /usr/m68k-ataribrown-elf/lib/m68020/softfp/libc.a
LOAD /lib/gcc/m68k-ataribrown-elf/6.2.0/m68020/softfp/libgcc.a
Address of section .text set to 0x0
                [!provide]                PROVIDE (__executable_start, 0x80000000)
                0x80000074                . = (0x80000000 + SIZEOF_HEADERS)

.interp
 *(.interp)

.note.gnu.build-id
 *(.note.gnu.build-id)

.hash
 *(.hash)

.gnu.hash
 *(.gnu.hash)

.dynsym
 *(.dynsym)

.dynstr
 *(.dynstr)

.gnu.version
 *(.gnu.version)

.gnu.version_d
 *(.gnu.version_d)

.gnu.version_r
 *(.gnu.version_r)

.rela.dyn       0x80000074        0x0
 *(.rela.init)
 *(.rela.text .rela.text.* .rela.gnu.linkonce.t.*)
 *(.rela.fini)
 *(.rela.rodata .rela.rodata.* .rela.gnu.linkonce.r.*)
 *(.rela.data .rela.data.* .rela.gnu.linkonce.d.*)
 *(.rela.tdata .rela.tdata.* .rela.gnu.linkonce.td.*)
 *(.rela.tbss .rela.tbss.* .rela.gnu.linkonce.tb.*)
 *(.rela.ctors)
 *(.rela.dtors)
 *(.rela.got)
 *(.rela.bss .rela.bss.* .rela.gnu.linkonce.b.*)
                [!provide]                PROVIDE (__rela_iplt_start, .)
 *(.rela.iplt)
                [!provide]                PROVIDE (__rela_iplt_end, .)

.rela.plt
 *(.rela.plt)

.init
 *(SORT(.init))

.plt
 *(.plt)

.iplt
 *(.iplt)

.text           0x00000000    0x5ae9a
 *(.text.unlikely .text.*_unlikely .text.unlikely.*)
 .text.unlikely.R_FlatNumForName.part.0
                0x00000000       0x2c /tmp/ccWJ2D8E.ltrans14.ltrans.o
                0x00000000                _R_FlatNumForName.part.0
 .text.unlikely.assign_bmm_channel.constprop.42
                0x0000002c      0x1d8 /tmp/ccWJ2D8E.ltrans15.ltrans.o
                0x0000002c                _assign_bmm_channel.constprop.42
 .text.unlikely.api_channel_cleanup
                0x00000204       0x50 /tmp/ccWJ2D8E.ltrans22.ltrans.o
 .text.unlikely.UDPsocket.part.0
                0x00000254       0x1a /tmp/ccWJ2D8E.ltrans25.ltrans.o
                0x00000254                _UDPsocket.part.0
 *(.text.exit .text.exit.*)
 *(.text.startup .text.startup.*)
 .text.startup.main
                0x0000026e      0x3a4 /tmp/ccWJ2D8E.ltrans18.ltrans.o
                0x0000026e                _main
 *(.text.hot .text.hot.*)
 *(.text .stub .text.* .gnu.linkonce.t.*)
 *fill*         0x00000612        0x2 4e714e71
 .text          0x00000614       0x70 /usr/m68k-ataribrown-elf/lib/crt0.o
                0x00000614                __start
                0x00000682                __monstartup
                0x00000682                __moncontrol
                0x00000682                ___mcleanup
 .text.G_Ticker
                0x00000684     0x4180 /tmp/ccWJ2D8E.ltrans0.ltrans.o
                0x00000684                _G_Ticker
 .text.D_DoomMain
                0x00004804     0x2b7a /tmp/ccWJ2D8E.ltrans1.ltrans.o
                0x00004804                _D_DoomMain
 .text.G_DoLoadLevel
                0x0000737e     0x2878 /tmp/ccWJ2D8E.ltrans2.ltrans.o
                0x0000737e                _G_DoLoadLevel
 .text.AM_Drawer.part.4
                0x00009bf6     0x2e72 /tmp/ccWJ2D8E.ltrans3.ltrans.o
                0x00009bf6                _AM_Drawer.part.4
 .text.D_DoomLoop
                0x0000ca68     0x28c2 /tmp/ccWJ2D8E.ltrans4.ltrans.o
                0x0000ca68                _D_DoomLoop
 .text.BM_A_GenerateLCLUT32x32
                0x0000f32a      0x304 /tmp/ccWJ2D8E.ltrans5.ltrans.o
                0x0000f32a                _BM_A_GenerateLCLUT32x32
 .text.BM_A_GenerateLCLUT64x256
                0x0000f62e      0x304 /tmp/ccWJ2D8E.ltrans5.ltrans.o
                0x0000f62e                _BM_A_GenerateLCLUT64x256
 .text.segdist2
                0x0000f932       0x60 /tmp/ccWJ2D8E.ltrans5.ltrans.o
                0x0000f932                _segdist2
 .text.D_QuitNetGame
                0x0000f992      0x1a6 /tmp/ccWJ2D8E.ltrans5.ltrans.o
                0x0000f992                _D_QuitNetGame
 .text.I_Error  0x0000fb38      0x2ea /tmp/ccWJ2D8E.ltrans5.ltrans.o
                0x0000fb38                _I_Error
 .text.I_InitSound
                0x0000fe22      0xc94 /tmp/ccWJ2D8E.ltrans5.ltrans.o
                0x0000fe22                _I_InitSound
 .text.HGetPacket.part.0
                0x00010ab6      0x1d6 /tmp/ccWJ2D8E.ltrans5.ltrans.o
 .text.CheckAbort
                0x00010c8c      0x154 /tmp/ccWJ2D8E.ltrans5.ltrans.o
 .text.D_CheckNetGame
                0x00010de0      0x9f4 /tmp/ccWJ2D8E.ltrans5.ltrans.o
                0x00010de0                _D_CheckNetGame
 .text.NetUpdate
                0x000117d4      0x586 /tmp/ccWJ2D8E.ltrans5.ltrans.o
                0x000117d4                _NetUpdate
 .text.D_ProcessEvents
                0x00011d5a     0x280c /tmp/ccWJ2D8E.ltrans6.ltrans.o
                0x00011d5a                _D_ProcessEvents
 .text.D_PostEvent
                0x00014566       0x2c /tmp/ccWJ2D8E.ltrans6.ltrans.o
                0x00014566                _D_PostEvent
 .text.F_CastTicker.part.0
                0x00014592      0x56e /tmp/ccWJ2D8E.ltrans6.ltrans.o
                0x00014592                _F_CastTicker.part.0
 .text.A_BFGsound
                0x00014b00       0x1c /tmp/ccWJ2D8E.ltrans7.ltrans.o
                0x00014b00                _A_BFGsound
 .text.A_BFGSpray
                0x00014b1c      0x27e /tmp/ccWJ2D8E.ltrans7.ltrans.o
                0x00014b1c                _A_BFGSpray
 .text.P_ChangeSwitchTexture
                0x00014d9a      0xc22 /tmp/ccWJ2D8E.ltrans7.ltrans.o
                0x00014d9a                _P_ChangeSwitchTexture
 .text.P_CrossSpecialLine
                0x000159bc      0x8b0 /tmp/ccWJ2D8E.ltrans7.ltrans.o
                0x000159bc                _P_CrossSpecialLine
 .text.P_FindLowestCeilingSurrounding
                0x0001626c       0x5a /tmp/ccWJ2D8E.ltrans7.ltrans.o
                0x0001626c                _P_FindLowestCeilingSurrounding
 .text.P_UseSpecialLine
                0x000162c6      0xb50 /tmp/ccWJ2D8E.ltrans7.ltrans.o
                0x000162c6                _P_UseSpecialLine
 .text.P_FindNextHighestFloor
                0x00016e16       0xaa /tmp/ccWJ2D8E.ltrans7.ltrans.o
                0x00016e16                _P_FindNextHighestFloor
 .text.P_FindHighestFloorSurrounding
                0x00016ec0       0x58 /tmp/ccWJ2D8E.ltrans7.ltrans.o
                0x00016ec0                _P_FindHighestFloorSurrounding
 .text.P_FindLowestFloorSurrounding
                0x00016f18       0x48 /tmp/ccWJ2D8E.ltrans7.ltrans.o
                0x00016f18                _P_FindLowestFloorSurrounding
 .text.P_CheckSight
                0x00016f60       0x8e /tmp/ccWJ2D8E.ltrans7.ltrans.o
                0x00016f60                _P_CheckSight
 .text.WI_initShowNextLoc
                0x00016fee       0x30 /tmp/ccWJ2D8E.ltrans8.ltrans.o
 .text.WI_drawOnLnode
                0x0001701e       0xbe /tmp/ccWJ2D8E.ltrans8.ltrans.o
 .text.WI_updateStats
                0x000170dc      0x47e /tmp/ccWJ2D8E.ltrans8.ltrans.o
                0x000170dc                _WI_updateStats
 .text.WI_updateDeathmatchStats
                0x0001755a      0x492 /tmp/ccWJ2D8E.ltrans8.ltrans.o
                0x0001755a                _WI_updateDeathmatchStats
 .text.WI_fragSum
                0x000179ec       0x94 /tmp/ccWJ2D8E.ltrans8.ltrans.o
                0x000179ec                _WI_fragSum
 .text.WI_updateNetgameStats
                0x00017a80      0x9aa /tmp/ccWJ2D8E.ltrans8.ltrans.o
                0x00017a80                _WI_updateNetgameStats
 .text.WI_drawShowNextLoc
                0x0001842a      0x25e /tmp/ccWJ2D8E.ltrans8.ltrans.o
                0x0001842a                _WI_drawShowNextLoc
 .text.WI_drawAnimatedBack
                0x00018688       0x7a /tmp/ccWJ2D8E.ltrans8.ltrans.o
                0x00018688                _WI_drawAnimatedBack
 .text.WI_drawLF
                0x00018702       0xb4 /tmp/ccWJ2D8E.ltrans8.ltrans.o
                0x00018702                _WI_drawLF
 .text.W_ReadLump
                0x000187b6      0x126 /tmp/ccWJ2D8E.ltrans8.ltrans.o
                0x000187b6                _W_ReadLump
 .text.W_CacheLumpNum
                0x000188dc      0x23c /tmp/ccWJ2D8E.ltrans8.ltrans.o
                0x000188dc                _W_CacheLumpNum
 .text.W_LumpLength
                0x00018b18       0x2e /tmp/ccWJ2D8E.ltrans8.ltrans.o
                0x00018b18                _W_LumpLength
 .text.W_CheckNumForName
                0x00018b46       0xa0 /tmp/ccWJ2D8E.ltrans8.ltrans.o
                0x00018b46                _W_CheckNumForName
 .text.W_GetNumForName
                0x00018be6       0x24 /tmp/ccWJ2D8E.ltrans8.ltrans.o
                0x00018be6                _W_GetNumForName
 .text.R_InstallSpriteLump
                0x00018c0a      0x14a /tmp/ccWJ2D8E.ltrans8.ltrans.o
                0x00018c0a                _R_InstallSpriteLump
 .text.R_ExecuteSetViewSize
                0x00018d54      0x510 /tmp/ccWJ2D8E.ltrans8.ltrans.o
                0x00018d54                _R_ExecuteSetViewSize
 .text.R_FillBackScreen
                0x00019264      0x546 /tmp/ccWJ2D8E.ltrans8.ltrans.o
                0x00019264                _R_FillBackScreen
 .text.PTR_AimTraverse
                0x000197aa      0x27a /tmp/ccWJ2D8E.ltrans9.ltrans.o
                0x000197aa                _PTR_AimTraverse
 .text.T_Glow   0x00019a24       0xa0 /tmp/ccWJ2D8E.ltrans9.ltrans.o
                0x00019a24                _T_Glow
 .text.T_StrobeFlash
                0x00019ac4       0x78 /tmp/ccWJ2D8E.ltrans9.ltrans.o
                0x00019ac4                _T_StrobeFlash
 .text.PTR_UseTraverse
                0x00019b3c      0x1ba /tmp/ccWJ2D8E.ltrans9.ltrans.o
                0x00019b3c                _PTR_UseTraverse
 .text.PTR_ShootTraverse
                0x00019cf6      0x6ca /tmp/ccWJ2D8E.ltrans9.ltrans.o
                0x00019cf6                _PTR_ShootTraverse
 .text.PTR_SlideTraverse
                0x0001a3c0      0x19e /tmp/ccWJ2D8E.ltrans9.ltrans.o
                0x0001a3c0                _PTR_SlideTraverse
 .text.P_ChangeSector
                0x0001a55e      0x556 /tmp/ccWJ2D8E.ltrans9.ltrans.o
                0x0001a55e                _P_ChangeSector
 .text.P_CheckPosition
                0x0001aab4       0xa4 /tmp/ccWJ2D8E.ltrans9.ltrans.o
                0x0001aab4                _P_CheckPosition
 .text.P_RadiusAttack
                0x0001ab58      0x174 /tmp/ccWJ2D8E.ltrans9.ltrans.o
                0x0001ab58                _P_RadiusAttack
 .text.P_PointOnLineSide.lto_priv.133
                0x0001accc       0x8c /tmp/ccWJ2D8E.ltrans9.ltrans.o
                0x0001accc                _P_PointOnLineSide.lto_priv.133
 .text.P_TeleportMove
                0x0001ad58      0x1d8 /tmp/ccWJ2D8E.ltrans9.ltrans.o
                0x0001ad58                _P_TeleportMove
 .text.EV_LightTurnOn
                0x0001af30       0xc8 /tmp/ccWJ2D8E.ltrans9.ltrans.o
                0x0001af30                _EV_LightTurnOn
 .text.P_SpawnStrobeFlash
                0x0001aff8      0x100 /tmp/ccWJ2D8E.ltrans9.ltrans.o
                0x0001aff8                _P_SpawnStrobeFlash
 .text.P_RemoveActivePlat
                0x0001b0f8       0x3e /tmp/ccWJ2D8E.ltrans10.ltrans.o
 .text.T_ElevatorMove
                0x0001b136      0x14c /tmp/ccWJ2D8E.ltrans10.ltrans.o
 .text.T_PlatRaise
                0x0001b282      0x18c /tmp/ccWJ2D8E.ltrans10.ltrans.o
                0x0001b282                _T_PlatRaise
 .text.P_SetPsprite
                0x0001b40e       0xa0 /tmp/ccWJ2D8E.ltrans10.ltrans.o
                0x0001b40e                _P_SetPsprite
 .text.EV_StopPlat
                0x0001b4ae       0x4a /tmp/ccWJ2D8E.ltrans10.ltrans.o
                0x0001b4ae                _EV_StopPlat
 .text.EV_DoElevator
                0x0001b4f8      0x246 /tmp/ccWJ2D8E.ltrans10.ltrans.o
                0x0001b4f8                _EV_DoElevator
 .text.EV_DoPlat
                0x0001b73e      0x404 /tmp/ccWJ2D8E.ltrans10.ltrans.o
                0x0001b73e                _EV_DoPlat
 .text.PIT_AddThingIntercepts.lto_priv.93
                0x0001bb42      0x226 /tmp/ccWJ2D8E.ltrans10.ltrans.o
                0x0001bb42                _PIT_AddThingIntercepts.lto_priv.93
 .text.P_PathTraverse
                0x0001bd68      0xba4 /tmp/ccWJ2D8E.ltrans10.ltrans.o
                0x0001bd68                _P_PathTraverse
 .text.P_SetThingPosition
                0x0001c90c       0xb4 /tmp/ccWJ2D8E.ltrans10.ltrans.o
                0x0001c90c                _P_SetThingPosition
 .text.A_LoadShotgun2
                0x0001c9c0       0x1c /tmp/ccWJ2D8E.ltrans11.ltrans.o
                0x0001c9c0                _A_LoadShotgun2
 .text.A_OpenShotgun2
                0x0001c9dc       0x1c /tmp/ccWJ2D8E.ltrans11.ltrans.o
                0x0001c9dc                _A_OpenShotgun2
 .text.A_Fall   0x0001c9f8        0xc /tmp/ccWJ2D8E.ltrans11.ltrans.o
                0x0001c9f8                _A_Fall
 .text.A_Pain   0x0001ca04       0x26 /tmp/ccWJ2D8E.ltrans11.ltrans.o
                0x0001ca04                _A_Pain
 .text.A_XScream
                0x0001ca2a       0x1a /tmp/ccWJ2D8E.ltrans11.ltrans.o
                0x0001ca2a                _A_XScream
 .text.A_Scream
                0x0001ca44       0xb8 /tmp/ccWJ2D8E.ltrans11.ltrans.o
                0x0001ca44                _A_Scream
 .text.A_SpawnFly
                0x0001cafc       0x18 /tmp/ccWJ2D8E.ltrans11.ltrans.o
                0x0001cafc                _A_SpawnFly
 .text.A_SpawnSound
                0x0001cb14       0x38 /tmp/ccWJ2D8E.ltrans11.ltrans.o
                0x0001cb14                _A_SpawnSound
 .text.A_BrainSpit
                0x0001cb4c      0x382 /tmp/ccWJ2D8E.ltrans11.ltrans.o
                0x0001cb4c                _A_BrainSpit
 .text.A_BrainPain
                0x0001cece      0x354 /tmp/ccWJ2D8E.ltrans11.ltrans.o
                0x0001cece                _A_BrainPain
 .text.A_BrainAwake
                0x0001d222      0x3b8 /tmp/ccWJ2D8E.ltrans11.ltrans.o
                0x0001d222                _A_BrainAwake
 .text.A_BrainDie
                0x0001d5da       0x16 /tmp/ccWJ2D8E.ltrans11.ltrans.o
                0x0001d5da                _A_BrainDie
 .text.A_BrainExplode
                0x0001d5f0       0xe4 /tmp/ccWJ2D8E.ltrans11.ltrans.o
                0x0001d5f0                _A_BrainExplode
 .text.A_BrainScream
                0x0001d6d4      0x17a /tmp/ccWJ2D8E.ltrans11.ltrans.o
                0x0001d6d4                _A_BrainScream
 .text.A_CloseShotgun2
                0x0001d84e       0xc0 /tmp/ccWJ2D8E.ltrans11.ltrans.o
                0x0001d84e                _A_CloseShotgun2
 .text.A_BabyMetal
                0x0001d90e       0x28 /tmp/ccWJ2D8E.ltrans11.ltrans.o
                0x0001d90e                _A_BabyMetal
 .text.A_Metal  0x0001d936       0x28 /tmp/ccWJ2D8E.ltrans11.ltrans.o
                0x0001d936                _A_Metal
 .text.A_Hoof   0x0001d95e       0x28 /tmp/ccWJ2D8E.ltrans11.ltrans.o
                0x0001d95e                _A_Hoof
 .text.A_BossDeath
                0x0001d986      0x24c /tmp/ccWJ2D8E.ltrans11.ltrans.o
                0x0001d986                _A_BossDeath
 .text.A_Explode
                0x0001dbd2       0x1a /tmp/ccWJ2D8E.ltrans11.ltrans.o
                0x0001dbd2                _A_Explode
 .text.A_PainDie
                0x0001dbec      0x172 /tmp/ccWJ2D8E.ltrans11.ltrans.o
                0x0001dbec                _A_PainDie
 .text.A_PainAttack
                0x0001dd5e       0x70 /tmp/ccWJ2D8E.ltrans11.ltrans.o
                0x0001dd5e                _A_PainAttack
 .text.A_SkullAttack
                0x0001ddce      0x106 /tmp/ccWJ2D8E.ltrans11.ltrans.o
                0x0001ddce                _A_SkullAttack
 .text.A_FatAttack3
                0x0001ded4       0xc0 /tmp/ccWJ2D8E.ltrans11.ltrans.o
                0x0001ded4                _A_FatAttack3
 .text.A_FatAttack2
                0x0001df94       0x86 /tmp/ccWJ2D8E.ltrans11.ltrans.o
                0x0001df94                _A_FatAttack2
 .text.A_FatAttack1
                0x0001e01a       0x86 /tmp/ccWJ2D8E.ltrans11.ltrans.o
                0x0001e01a                _A_FatAttack1
 .text.A_FatRaise
                0x0001e0a0       0x28 /tmp/ccWJ2D8E.ltrans11.ltrans.o
                0x0001e0a0                _A_FatRaise
 .text.A_VileAttack
                0x0001e0c8       0xcc /tmp/ccWJ2D8E.ltrans11.ltrans.o
                0x0001e0c8                _A_VileAttack
 .text.A_Fire   0x0001e194       0x7e /tmp/ccWJ2D8E.ltrans11.ltrans.o
                0x0001e194                _A_Fire
 .text.A_VileTarget
                0x0001e212       0x52 /tmp/ccWJ2D8E.ltrans11.ltrans.o
                0x0001e212                _A_VileTarget
 .text.T_LightFlash
                0x0001e264       0xc0 /tmp/ccWJ2D8E.ltrans12.ltrans.o
                0x0001e264                _T_LightFlash
 .text.T_FireFlicker
                0x0001e324       0xa2 /tmp/ccWJ2D8E.ltrans12.ltrans.o
                0x0001e324                _T_FireFlicker
 .text.T_MoveFloor
                0x0001e3c6      0x226 /tmp/ccWJ2D8E.ltrans12.ltrans.o
                0x0001e3c6                _T_MoveFloor
 .text.A_PlayerScream
                0x0001e5ec       0x4e /tmp/ccWJ2D8E.ltrans12.ltrans.o
                0x0001e5ec                _A_PlayerScream
 .text.P_DamageMobj
                0x0001e63a      0x5c0 /tmp/ccWJ2D8E.ltrans12.ltrans.o
                0x0001e63a                _P_DamageMobj
 .text.P_GiveAmmo
                0x0001ebfa      0x120 /tmp/ccWJ2D8E.ltrans12.ltrans.o
                0x0001ebfa                _P_GiveAmmo
 .text.P_GiveWeapon
                0x0001ed1a      0x168 /tmp/ccWJ2D8E.ltrans12.ltrans.o
                0x0001ed1a                _P_GiveWeapon
 .text.EV_BuildStairs
                0x0001ee82      0x236 /tmp/ccWJ2D8E.ltrans12.ltrans.o
                0x0001ee82                _EV_BuildStairs
 .text.EV_DoFloor
                0x0001f0b8      0x500 /tmp/ccWJ2D8E.ltrans12.ltrans.o
                0x0001f0b8                _EV_DoFloor
 .text.T_MovePlane
                0x0001f5b8      0x2e2 /tmp/ccWJ2D8E.ltrans12.ltrans.o
                0x0001f5b8                _T_MovePlane
 .text.A_SpawnFly.part.15
                0x0001f89a      0x2f2 /tmp/ccWJ2D8E.ltrans12.ltrans.o
                0x0001f89a                _A_SpawnFly.part.15
 .text.A_PainShootSkull.part.14
                0x0001fb8c      0x16c /tmp/ccWJ2D8E.ltrans12.ltrans.o
                0x0001fb8c                _A_PainShootSkull.part.14
 .text.D_QuantCubeCalcColor
                0x0001fcf8       0xe4 /tmp/ccWJ2D8E.ltrans13.ltrans.o
 .text.D_QuantCubeSortColorListRegion
                0x0001fddc       0x9a /tmp/ccWJ2D8E.ltrans13.ltrans.o
 .text.D_QuantCubeScanColorUsage
                0x0001fe76      0x138 /tmp/ccWJ2D8E.ltrans13.ltrans.o
 .text.fmtint   0x0001ffae      0x1be /tmp/ccWJ2D8E.ltrans13.ltrans.o
 .text.program_base
                0x0002016c        0x2 /tmp/ccWJ2D8E.ltrans13.ltrans.o
 .text.dopr     0x0002016e      0x664 /tmp/ccWJ2D8E.ltrans13.ltrans.o
 .text.ExpandTics
                0x000207d2       0x56 /tmp/ccWJ2D8E.ltrans13.ltrans.o
                0x000207d2                _ExpandTics
 .text.HSendPacket
                0x00020828      0x1ae /tmp/ccWJ2D8E.ltrans13.ltrans.o
                0x00020828                _HSendPacket
 .text.BM_E_QuantizePixelBlock
                0x000209d6      0x886 /tmp/ccWJ2D8E.ltrans13.ltrans.o
                0x000209d6                _BM_E_QuantizePixelBlock
 .text.snprintf
                0x0002125c       0x34 /tmp/ccWJ2D8E.ltrans13.ltrans.o
                0x0002125c                _snprintf
 .text.DebugPostMap
                0x00021290        0x2 /tmp/ccWJ2D8E.ltrans13.ltrans.o
                0x00021290                _DebugPostMap
 .text.fexists  0x00021292       0x52 /tmp/ccWJ2D8E.ltrans13.ltrans.o
                0x00021292                _fexists
 .text.bmprintf
                0x000212e4      0x16c /tmp/ccWJ2D8E.ltrans13.ltrans.o
                0x000212e4                _bmprintf
 .text.BM_S_ExceptionHandler
                0x00021450      0x556 /tmp/ccWJ2D8E.ltrans13.ltrans.o
                0x00021450                _BM_S_ExceptionHandler
 .text.c_dpf    0x000219a6       0x14 /tmp/ccWJ2D8E.ltrans13.ltrans.o
                0x000219a6                _c_dpf
 .text.P_CalcHeight
                0x000219ba      0x13e /tmp/ccWJ2D8E.ltrans14.ltrans.o
 .text.P_RemoveThinker
                0x00021af8        0xe /tmp/ccWJ2D8E.ltrans14.ltrans.o
                0x00021af8                _P_RemoveThinker
 .text.P_RemoveThinkerDelayed
                0x00021b06        0xe /tmp/ccWJ2D8E.ltrans14.ltrans.o
                0x00021b06                _P_RemoveThinkerDelayed
 .text.R_TextureNumForName
                0x00021b14      0x1a4 /tmp/ccWJ2D8E.ltrans14.ltrans.o
                0x00021b14                _R_TextureNumForName
 .text.R_InitTextures
                0x00021cb8      0x8e2 /tmp/ccWJ2D8E.ltrans14.ltrans.o
                0x00021cb8                _R_InitTextures
 .text.P_Ticker
                0x0002259a      0xe34 /tmp/ccWJ2D8E.ltrans14.ltrans.o
                0x0002259a                _P_Ticker
 .text.P_PathTraverse.constprop.65
                0x000233ce      0x894 /tmp/ccWJ2D8E.ltrans15.ltrans.o
                0x000233ce                _P_PathTraverse.constprop.65
 .text.EV_DoPlat.constprop.61
                0x00023c62      0x19c /tmp/ccWJ2D8E.ltrans15.ltrans.o
                0x00023c62                _EV_DoPlat.constprop.61
 .text.EV_DoDoor.constprop.60
                0x00023dfe      0x122 /tmp/ccWJ2D8E.ltrans15.ltrans.o
                0x00023dfe                _EV_DoDoor.constprop.60
 .text.EV_DoDoor.constprop.59
                0x00023f20      0x12c /tmp/ccWJ2D8E.ltrans15.ltrans.o
                0x00023f20                _EV_DoDoor.constprop.59
 .text.I_SetMusicVolume.constprop.40
                0x0002404c        0x2 /tmp/ccWJ2D8E.ltrans15.ltrans.o
                0x0002404c                _I_SetMusicVolume.constprop.40
 .text.AM_clipMline.constprop.31
                0x0002404e      0x404 /tmp/ccWJ2D8E.ltrans15.ltrans.o
                0x0002404e                _AM_clipMline.constprop.31
 .text.WI_drawNum.constprop.19
                0x00024452       0xb4 /tmp/ccWJ2D8E.ltrans15.ltrans.o
                0x00024452                _WI_drawNum.constprop.19
 .text.A_FireCrackle
                0x00024506       0x94 /tmp/ccWJ2D8E.ltrans16.ltrans.o
                0x00024506                _A_FireCrackle
 .text.A_StartFire
                0x0002459a       0x94 /tmp/ccWJ2D8E.ltrans16.ltrans.o
                0x0002459a                _A_StartFire
 .text.A_VileStart
                0x0002462e       0x1a /tmp/ccWJ2D8E.ltrans16.ltrans.o
                0x0002462e                _A_VileStart
 .text.A_SmokeTrail
                0x00024648       0x32 /tmp/ccWJ2D8E.ltrans16.ltrans.o
                0x00024648                _A_SmokeTrail
 .text.A_Tracer
                0x0002467a      0x340 /tmp/ccWJ2D8E.ltrans16.ltrans.o
                0x0002467a                _A_Tracer
 .text.A_FaceTarget
                0x000249ba       0x86 /tmp/ccWJ2D8E.ltrans16.ltrans.o
                0x000249ba                _A_FaceTarget
 .text.A_SkelFist
                0x00024a40       0x98 /tmp/ccWJ2D8E.ltrans16.ltrans.o
                0x00024a40                _A_SkelFist
 .text.A_SkelWhoosh
                0x00024ad8       0x2e /tmp/ccWJ2D8E.ltrans16.ltrans.o
                0x00024ad8                _A_SkelWhoosh
 .text.A_SargAttack
                0x00024b06       0x82 /tmp/ccWJ2D8E.ltrans16.ltrans.o
                0x00024b06                _A_SargAttack
 .text.A_SpidRefire
                0x00024b88       0x6a /tmp/ccWJ2D8E.ltrans16.ltrans.o
                0x00024b88                _A_SpidRefire
 .text.A_CPosRefire
                0x00024bf2       0x6a /tmp/ccWJ2D8E.ltrans16.ltrans.o
                0x00024bf2                _A_CPosRefire
 .text.A_SkelMissile
                0x00024c5c       0x54 /tmp/ccWJ2D8E.ltrans16.ltrans.o
                0x00024c5c                _A_SkelMissile
 .text.A_BruisAttack
                0x00024cb0       0x84 /tmp/ccWJ2D8E.ltrans16.ltrans.o
                0x00024cb0                _A_BruisAttack
 .text.A_CyberAttack
                0x00024d34       0x2c /tmp/ccWJ2D8E.ltrans16.ltrans.o
                0x00024d34                _A_CyberAttack
 .text.A_HeadAttack
                0x00024d60       0x96 /tmp/ccWJ2D8E.ltrans16.ltrans.o
                0x00024d60                _A_HeadAttack
 .text.A_TroopAttack
                0x00024df6       0x8c /tmp/ccWJ2D8E.ltrans16.ltrans.o
                0x00024df6                _A_TroopAttack
 .text.A_BspiAttack
                0x00024e82       0x2c /tmp/ccWJ2D8E.ltrans16.ltrans.o
                0x00024e82                _A_BspiAttack
 .text.A_CPosAttack
                0x00024eae      0x112 /tmp/ccWJ2D8E.ltrans16.ltrans.o
                0x00024eae                _A_CPosAttack
 .text.A_SPosAttack
                0x00024fc0      0x12e /tmp/ccWJ2D8E.ltrans16.ltrans.o
                0x00024fc0                _A_SPosAttack
 .text.A_PosAttack
                0x000250ee      0x114 /tmp/ccWJ2D8E.ltrans16.ltrans.o
                0x000250ee                _A_PosAttack
 .text.A_KeenDie
                0x00025202       0x6a /tmp/ccWJ2D8E.ltrans16.ltrans.o
                0x00025202                _A_KeenDie
 .text.P_NewChaseDir
                0x0002526c      0x224 /tmp/ccWJ2D8E.ltrans16.ltrans.o
 .text.P_LookForPlayers
                0x00025490      0x130 /tmp/ccWJ2D8E.ltrans16.ltrans.o
                0x00025490                _P_LookForPlayers
 .text.A_Chase  0x000255c0      0x4f6 /tmp/ccWJ2D8E.ltrans16.ltrans.o
                0x000255c0                _A_Chase
 .text.A_VileChase
                0x00025ab6      0x1de /tmp/ccWJ2D8E.ltrans16.ltrans.o
                0x00025ab6                _A_VileChase
 .text.A_Look   0x00025c94      0x13c /tmp/ccWJ2D8E.ltrans16.ltrans.o
                0x00025c94                _A_Look
 .text.A_Light2
                0x00025dd0        0xc /tmp/ccWJ2D8E.ltrans17.ltrans.o
                0x00025dd0                _A_Light2
 .text.A_Light1
                0x00025ddc        0xc /tmp/ccWJ2D8E.ltrans17.ltrans.o
                0x00025ddc                _A_Light1
 .text.A_Light0
                0x00025de8        0xa /tmp/ccWJ2D8E.ltrans17.ltrans.o
                0x00025de8                _A_Light0
 .text.A_Raise  0x00025df2       0x4c /tmp/ccWJ2D8E.ltrans17.ltrans.o
                0x00025df2                _A_Raise
 .text.A_Lower  0x00025e3e       0xfe /tmp/ccWJ2D8E.ltrans17.ltrans.o
                0x00025e3e                _A_Lower
 .text.A_CheckReload
                0x00025f3c      0x252 /tmp/ccWJ2D8E.ltrans17.ltrans.o
                0x00025f3c                _A_CheckReload
 .text.A_FireCGun
                0x0002618e      0x27a /tmp/ccWJ2D8E.ltrans17.ltrans.o
                0x0002618e                _A_FireCGun
 .text.A_FireShotgun2
                0x00026408      0x314 /tmp/ccWJ2D8E.ltrans17.ltrans.o
                0x00026408                _A_FireShotgun2
 .text.A_FireShotgun
                0x0002671c      0x33e /tmp/ccWJ2D8E.ltrans17.ltrans.o
                0x0002671c                _A_FireShotgun
 .text.A_FirePistol
                0x00026a5a      0x238 /tmp/ccWJ2D8E.ltrans17.ltrans.o
                0x00026a5a                _A_FirePistol
 .text.A_FirePlasma
                0x00026c92       0xea /tmp/ccWJ2D8E.ltrans17.ltrans.o
                0x00026c92                _A_FirePlasma
 .text.A_FireBFG
                0x00026d7c       0x30 /tmp/ccWJ2D8E.ltrans17.ltrans.o
                0x00026d7c                _A_FireBFG
 .text.A_FireMissile
                0x00026dac       0x2e /tmp/ccWJ2D8E.ltrans17.ltrans.o
                0x00026dac                _A_FireMissile
 .text.A_GunFlash
                0x00026dda       0xfe /tmp/ccWJ2D8E.ltrans17.ltrans.o
                0x00026dda                _A_GunFlash
 .text.A_Saw    0x00026ed8      0x240 /tmp/ccWJ2D8E.ltrans17.ltrans.o
                0x00026ed8                _A_Saw
 .text.A_Punch  0x00027118      0x1ca /tmp/ccWJ2D8E.ltrans17.ltrans.o
                0x00027118                _A_Punch
 .text.P_CheckAmmo
                0x000272e2      0x1ca /tmp/ccWJ2D8E.ltrans17.ltrans.o
                0x000272e2                _P_CheckAmmo
 .text.A_WeaponReady
                0x000274ac      0x2fc /tmp/ccWJ2D8E.ltrans17.ltrans.o
                0x000274ac                _A_WeaponReady
 .text.A_ReFire
                0x000277a8       0xaa /tmp/ccWJ2D8E.ltrans17.ltrans.o
                0x000277a8                _A_ReFire
 .text.WI_drawTime.constprop.17
                0x00027852      0x4a6 /tmp/ccWJ2D8E.ltrans18.ltrans.o
                0x00027852                _WI_drawTime.constprop.17
 .text.EV_DoLockedDoor.constprop.9
                0x00027cf8       0xf4 /tmp/ccWJ2D8E.ltrans18.ltrans.o
                0x00027cf8                _EV_DoLockedDoor.constprop.9
 .text.P_AimLineAttack.constprop.5
                0x00027dec       0xac /tmp/ccWJ2D8E.ltrans18.ltrans.o
                0x00027dec                _P_AimLineAttack.constprop.5
 .text.P_InterceptVector.constprop.2
                0x00027e98       0x98 /tmp/ccWJ2D8E.ltrans18.ltrans.o
                0x00027e98                _P_InterceptVector.constprop.2
 .text.BM_E_DumpHeap
                0x00027f30        0x2 /tmp/ccWJ2D8E.ltrans18.ltrans.o
                0x00027f30                _BM_E_DumpHeap
 .text.BM_E_PrecacheProgress
                0x00027f32       0x1a /tmp/ccWJ2D8E.ltrans18.ltrans.o
                0x00027f32                _BM_E_PrecacheProgress
 .text.BM_E_DrawDiskIcon
                0x00027f4c       0x60 /tmp/ccWJ2D8E.ltrans18.ltrans.o
                0x00027f4c                _BM_E_DrawDiskIcon
 .text.BM_S_AppEntryPoint
                0x00027fac      0x112 /tmp/ccWJ2D8E.ltrans18.ltrans.o
                0x00027fac                _BM_S_AppEntryPoint
 .text.S_StopChannel
                0x000280be       0x9e /tmp/ccWJ2D8E.ltrans18.ltrans.o
                0x000280be                _S_StopChannel
 .text.S_ChangeMusic
                0x0002815c       0xa4 /tmp/ccWJ2D8E.ltrans18.ltrans.o
                0x0002815c                _S_ChangeMusic
 .text.R_PointToAngle.lto_priv.102.lto_priv.131
                0x00028200      0x254 /tmp/ccWJ2D8E.ltrans18.ltrans.o
                0x00028200                _R_PointToAngle.lto_priv.106.lto_priv.151
                0x00028200                _R_PointToAngle.lto_priv.102.lto_priv.131
                0x00028200                _R_PointToAngle.lto_priv.105.lto_priv.155
                0x00028200                _R_PointToAngle.lto_priv.108.lto_priv.232
                0x00028200                _R_PointToAngle.lto_priv.107.lto_priv.127
                0x00028200                _R_PointToAngle.lto_priv.103.lto_priv.157
                0x00028200                _R_PointToAngle.lto_priv.104.lto_priv.154
 .text.S_AdjustSoundParams
                0x00028454      0x1dc /tmp/ccWJ2D8E.ltrans18.ltrans.o
                0x00028454                _S_AdjustSoundParams
 .text.S_StartSoundAtVolume
                0x00028630      0x4e2 /tmp/ccWJ2D8E.ltrans18.ltrans.o
                0x00028630                _S_StartSoundAtVolume
 .text.S_StartSound
                0x00028b12       0x1a /tmp/ccWJ2D8E.ltrans18.ltrans.o
                0x00028b12                _S_StartSound
 .text.HUlib_eraseTextLine
                0x00028b2c       0x12 /tmp/ccWJ2D8E.ltrans18.ltrans.o
                0x00028b2c                _HUlib_eraseTextLine
 .text.HUlib_drawTextLine
                0x00028b3e       0xd4 /tmp/ccWJ2D8E.ltrans18.ltrans.o
                0x00028b3e                _HUlib_drawTextLine
 .text.ST_Responder.part.1
                0x00028c12      0x6a8 /tmp/ccWJ2D8E.ltrans18.ltrans.o
                0x00028c12                _ST_Responder.part.1
 .text.P_MobjThinker
                0x000292ba      0x1a0 /tmp/ccWJ2D8E.ltrans19.ltrans.o
                0x000292ba                _P_MobjThinker
 .text.P_RemoveMobj
                0x0002945a       0xdc /tmp/ccWJ2D8E.ltrans19.ltrans.o
                0x0002945a                _P_RemoveMobj
 .text.T_MallocPopulateFreeList
                0x00029536       0x44 /tmp/ccWJ2D8E.ltrans19.ltrans.o
                0x00029536                _T_MallocPopulateFreeList
 .text.P_SpawnMobj
                0x0002957a      0x1c2 /tmp/ccWJ2D8E.ltrans19.ltrans.o
                0x0002957a                _P_SpawnMobj
 .text.EV_Teleport
                0x0002973c      0x16a /tmp/ccWJ2D8E.ltrans19.ltrans.o
                0x0002973c                _EV_Teleport
 .text.P_SpawnPuff
                0x000298a6       0xc0 /tmp/ccWJ2D8E.ltrans19.ltrans.o
                0x000298a6                _P_SpawnPuff
 .text.P_SpawnPlayer
                0x00029966      0xc02 /tmp/ccWJ2D8E.ltrans19.ltrans.o
                0x00029966                _P_SpawnPlayer
 .text.P_PurgeThinkerPool
                0x0002a568        0x8 /tmp/ccWJ2D8E.ltrans19.ltrans.o
                0x0002a568                _P_PurgeThinkerPool
 .text.P_SpawnPlayerMissile
                0x0002a570      0x2c4 /tmp/ccWJ2D8E.ltrans19.ltrans.o
                0x0002a570                _P_SpawnPlayerMissile
 .text.P_SpawnMissile
                0x0002a834      0x4f6 /tmp/ccWJ2D8E.ltrans19.ltrans.o
                0x0002a834                _P_SpawnMissile
 .text.M_SizeDisplay
                0x0002ad2a       0xbe /tmp/ccWJ2D8E.ltrans20.ltrans.o
                0x0002ad2a                _M_SizeDisplay
 .text.M_ChangeDetail
                0x0002ade8       0x32 /tmp/ccWJ2D8E.ltrans20.ltrans.o
 .text.M_ChangeSensitivity
                0x0002ae1a       0x36 /tmp/ccWJ2D8E.ltrans20.ltrans.o
 .text.M_FinishReadThis
                0x0002ae50       0x16 /tmp/ccWJ2D8E.ltrans20.ltrans.o
                0x0002ae50                _M_FinishReadThis
 .text.M_ReadThis2
                0x0002ae66       0x16 /tmp/ccWJ2D8E.ltrans20.ltrans.o
 .text.M_ReadThis
                0x0002ae7c       0x16 /tmp/ccWJ2D8E.ltrans20.ltrans.o
 .text.M_EndGame
                0x0002ae92       0x90 /tmp/ccWJ2D8E.ltrans20.ltrans.o
                0x0002ae92                _M_EndGame
 .text.M_ChangeMessages
                0x0002af22       0x60 /tmp/ccWJ2D8E.ltrans20.ltrans.o
 .text.M_Options
                0x0002af82       0x16 /tmp/ccWJ2D8E.ltrans20.ltrans.o
 .text.M_ChooseSkill
                0x0002af98       0x92 /tmp/ccWJ2D8E.ltrans20.ltrans.o
 .text.M_VerifyNightmare
                0x0002b02a       0x48 /tmp/ccWJ2D8E.ltrans20.ltrans.o
 .text.M_NewGame
                0x0002b072       0x8a /tmp/ccWJ2D8E.ltrans20.ltrans.o
 .text.M_SfxVol
                0x0002b0fc       0x5a /tmp/ccWJ2D8E.ltrans20.ltrans.o
                0x0002b0fc                _M_SfxVol
 .text.M_Episode
                0x0002b156       0xbc /tmp/ccWJ2D8E.ltrans20.ltrans.o
 .text.M_QuitDOOM
                0x0002b212       0xf4 /tmp/ccWJ2D8E.ltrans20.ltrans.o
 .text.M_QuitResponse
                0x0002b306      0x2ec /tmp/ccWJ2D8E.ltrans20.ltrans.o
 .text.M_EndGameResponse
                0x0002b5f2       0xc8 /tmp/ccWJ2D8E.ltrans20.ltrans.o
 .text.M_DrawEpisode
                0x0002b6ba       0x54 /tmp/ccWJ2D8E.ltrans20.ltrans.o
 .text.M_DrawNewGame
                0x0002b70e       0xa6 /tmp/ccWJ2D8E.ltrans20.ltrans.o
 .text.M_DrawMainMenu
                0x0002b7b4       0x54 /tmp/ccWJ2D8E.ltrans20.ltrans.o
 .text.M_DrawOptions
                0x0002b808      0x32e /tmp/ccWJ2D8E.ltrans20.ltrans.o
 .text.M_MusicVol
                0x0002bb36       0x66 /tmp/ccWJ2D8E.ltrans20.ltrans.o
                0x0002bb36                _M_MusicVol
 .text.AM_minOutWindowScale.lto_priv.231
                0x0002bb9c       0xda /tmp/ccWJ2D8E.ltrans20.ltrans.o
                0x0002bb9c                _AM_minOutWindowScale.lto_priv.231
 .text.AM_activateNewScale.lto_priv.230
                0x0002bc76       0x96 /tmp/ccWJ2D8E.ltrans20.ltrans.o
                0x0002bc76                _AM_activateNewScale.lto_priv.230
 .text.AM_unloadPics.lto_priv.158
                0x0002bd0c       0x96 /tmp/ccWJ2D8E.ltrans20.ltrans.o
                0x0002bd0c                _AM_unloadPics.lto_priv.158
 .text.AM_changeWindowLoc.lto_priv.229
                0x0002bda2       0xc0 /tmp/ccWJ2D8E.ltrans20.ltrans.o
                0x0002bda2                _AM_changeWindowLoc.lto_priv.229
 .text.cht_CheckCheat
                0x0002be62       0xee /tmp/ccWJ2D8E.ltrans20.ltrans.o
                0x0002be62                _cht_CheckCheat
 .text.M_CheckParm
                0x0002bf50       0x40 /tmp/ccWJ2D8E.ltrans20.ltrans.o
                0x0002bf50                _M_CheckParm
 .text.M_Drawer
                0x0002bf90      0x3e8 /tmp/ccWJ2D8E.ltrans20.ltrans.o
                0x0002bf90                _M_Drawer
 .text.M_Sound  0x0002c378       0x16 /tmp/ccWJ2D8E.ltrans21.ltrans.o
                0x0002c378                _M_Sound
 .text.M_DrawReadThis2
                0x0002c38e       0x8c /tmp/ccWJ2D8E.ltrans21.ltrans.o
                0x0002c38e                _M_DrawReadThis2
 .text.M_DrawReadThis1
                0x0002c41a       0x90 /tmp/ccWJ2D8E.ltrans21.ltrans.o
                0x0002c41a                _M_DrawReadThis1
 .text.M_DrawSound
                0x0002c4aa      0x2b8 /tmp/ccWJ2D8E.ltrans21.ltrans.o
 .text.M_SaveGame
                0x0002c762      0x192 /tmp/ccWJ2D8E.ltrans21.ltrans.o
                0x0002c762                _M_SaveGame
 .text.M_SaveSelect
                0x0002c8f4       0x68 /tmp/ccWJ2D8E.ltrans21.ltrans.o
 .text.M_LoadSelect
                0x0002c95c       0xa6 /tmp/ccWJ2D8E.ltrans21.ltrans.o
 .text.M_DrawSave
                0x0002ca02      0x3f4 /tmp/ccWJ2D8E.ltrans21.ltrans.o
 .text.M_DrawLoad
                0x0002cdf6      0x324 /tmp/ccWJ2D8E.ltrans21.ltrans.o
 .text.M_LoadGame
                0x0002d11a      0x1a2 /tmp/ccWJ2D8E.ltrans21.ltrans.o
                0x0002d11a                _M_LoadGame
 .text.G_CheckDemoStatus
                0x0002d2bc      0x2ca /tmp/ccWJ2D8E.ltrans21.ltrans.o
                0x0002d2bc                _G_CheckDemoStatus
 .text.G_ReadDemoTiccmd
                0x0002d586       0x56 /tmp/ccWJ2D8E.ltrans21.ltrans.o
                0x0002d586                _G_ReadDemoTiccmd
 .text.G_InitNew
                0x0002d5dc      0x3f6 /tmp/ccWJ2D8E.ltrans21.ltrans.o
                0x0002d5dc                _G_InitNew
 .text.G_SecretExitLevel
                0x0002d9d2       0x3e /tmp/ccWJ2D8E.ltrans21.ltrans.o
                0x0002d9d2                _G_SecretExitLevel
 .text.audio_mux_frame
                0x0002da10     0x1d22 /tmp/ccWJ2D8E.ltrans22.ltrans.o
                0x0002da10                _audio_mux_frame
 .text.ST_Responder
                0x0002f732       0x42 /tmp/ccWJ2D8E.ltrans23.ltrans.o
                0x0002f732                _ST_Responder
 .text.V_DrawPatch320
                0x0002f774      0x12a /tmp/ccWJ2D8E.ltrans23.ltrans.o
                0x0002f774                _V_DrawPatch320
 .text.STlib_updateMultIcon.part.1
                0x0002f89e       0xe0 /tmp/ccWJ2D8E.ltrans23.ltrans.o
 .text.STlib_drawNum
                0x0002f97e      0x1ae /tmp/ccWJ2D8E.ltrans23.ltrans.o
 .text.ST_drawWidgets
                0x0002fb2c      0x51a /tmp/ccWJ2D8E.ltrans23.ltrans.o
                0x0002fb2c                _ST_drawWidgets
 .text.V_DrawPatch
                0x00030046      0x134 /tmp/ccWJ2D8E.ltrans23.ltrans.o
                0x00030046                _V_DrawPatch
 .text.WI_drawPercent.part.3
                0x0003017a      0x10e /tmp/ccWJ2D8E.ltrans23.ltrans.o
                0x0003017a                _WI_drawPercent.part.3
 .text.WI_updateAnimatedBack.part.1
                0x00030288      0x136 /tmp/ccWJ2D8E.ltrans23.ltrans.o
                0x00030288                _WI_updateAnimatedBack.part.1
 .text.WI_initAnimatedBack.part.0
                0x000303be       0xbc /tmp/ccWJ2D8E.ltrans23.ltrans.o
                0x000303be                _WI_initAnimatedBack.part.0
 .text.WI_unloadData
                0x0003047a      0xab6 /tmp/ccWJ2D8E.ltrans23.ltrans.o
                0x0003047a                _WI_unloadData
 .text.P_ExplodeMissile
                0x00030f30      0x126 /tmp/ccWJ2D8E.ltrans24.ltrans.o
                0x00030f30                _P_ExplodeMissile
 .text.P_ZMovement
                0x00031056      0x20c /tmp/ccWJ2D8E.ltrans24.ltrans.o
                0x00031056                _P_ZMovement
 .text.R_PointInSubsector.lto_priv.128.lto_priv.132
                0x00031262      0x20a /tmp/ccWJ2D8E.ltrans24.ltrans.o
                0x00031262                _R_PointInSubsector.lto_priv.152.lto_priv.156
                0x00031262                _R_PointInSubsector.lto_priv.150
                0x00031262                _R_PointInSubsector.lto_priv.128.lto_priv.132
                0x00031262                _R_PointInSubsector.lto_priv.153.lto_priv.233
                0x00031262                _R_PointInSubsector.lto_priv.129.lto_priv.130
 .text.P_NightmareRespawn
                0x0003146c       0xfe /tmp/ccWJ2D8E.ltrans24.ltrans.o
                0x0003146c                _P_NightmareRespawn
 .text.P_SetMobjState
                0x0003156a       0x7e /tmp/ccWJ2D8E.ltrans24.ltrans.o
                0x0003156a                _P_SetMobjState
 .text.P_XYMovement
                0x000315e8     0x137e /tmp/ccWJ2D8E.ltrans24.ltrans.o
                0x000315e8                _P_XYMovement
 .text.remap_map09
                0x00032966       0x66 /tmp/ccWJ2D8E.ltrans25.ltrans.o
 .text.PacketGet
                0x000329cc      0x574 /tmp/ccWJ2D8E.ltrans25.ltrans.o
                0x000329cc                _PacketGet
 .text.PacketSend
                0x00032f40      0x430 /tmp/ccWJ2D8E.ltrans25.ltrans.o
                0x00032f40                _PacketSend
 .text.BM_S_BMMLoad
                0x00033370     0x13ce /tmp/ccWJ2D8E.ltrans25.ltrans.o
 .text.F_StartFinale
                0x0003473e      0x1c2 /tmp/ccWJ2D8E.ltrans25.ltrans.o
                0x0003473e                _F_StartFinale
 .text.I_ProcessMouseEvents
                0x00034900      0x14e /tmp/ccWJ2D8E.ltrans25.ltrans.o
                0x00034900                _I_ProcessMouseEvents
 .text.I_ProcessKeyEvents
                0x00034a4e      0x35e /tmp/ccWJ2D8E.ltrans25.ltrans.o
                0x00034a4e                _I_ProcessKeyEvents
 .text.set_active_videoprofile
                0x00034dac       0x64 /tmp/ccWJ2D8E.ltrans25.ltrans.o
                0x00034dac                _set_active_videoprofile
 .text.I_FinishUpdate
                0x00034e10      0x25a /tmp/ccWJ2D8E.ltrans25.ltrans.o
                0x00034e10                _I_FinishUpdate
 .text.I_RegisterSong
                0x0003506a       0x2e /tmp/ccWJ2D8E.ltrans25.ltrans.o
                0x0003506a                _I_RegisterSong
 .text.I_SetMusicVolume
                0x00035098       0x20 /tmp/ccWJ2D8E.ltrans25.ltrans.o
                0x00035098                _I_SetMusicVolume
 .text.I_PlaySong
                0x000350b8       0x44 /tmp/ccWJ2D8E.ltrans25.ltrans.o
                0x000350b8                _I_PlaySong
 .text.P_UnsetThingPosition
                0x000350fc       0xaa /tmp/ccWJ2D8E.ltrans26.ltrans.o
                0x000350fc                _P_UnsetThingPosition
 .text.P_TryMove.part.7
                0x000351a6      0x200 /tmp/ccWJ2D8E.ltrans26.ltrans.o
                0x000351a6                _P_TryMove.part.7
 .text.P_CheckPosition.part.6
                0x000353a6      0xd48 /tmp/ccWJ2D8E.ltrans26.ltrans.o
                0x000353a6                _P_CheckPosition.part.6
 .text.T_VerticalDoor
                0x000360ee      0x1ea /tmp/ccWJ2D8E.ltrans27.ltrans.o
                0x000360ee                _T_VerticalDoor
 .text.T_MoveCeiling
                0x000362d8      0x1dc /tmp/ccWJ2D8E.ltrans27.ltrans.o
                0x000362d8                _T_MoveCeiling
 .text.P_CheckMeleeRange
                0x000364b4       0x74 /tmp/ccWJ2D8E.ltrans27.ltrans.o
                0x000364b4                _P_CheckMeleeRange
 .text.P_RecursiveSound
                0x00036528      0x12a /tmp/ccWJ2D8E.ltrans27.ltrans.o
                0x00036528                _P_RecursiveSound
 .text.EV_DoDoor
                0x00036652      0x240 /tmp/ccWJ2D8E.ltrans27.ltrans.o
                0x00036652                _EV_DoDoor
 .text.EV_CeilingCrushStop
                0x00036892       0x4c /tmp/ccWJ2D8E.ltrans27.ltrans.o
                0x00036892                _EV_CeilingCrushStop
 .text.EV_DoCeiling
                0x000368de      0x254 /tmp/ccWJ2D8E.ltrans27.ltrans.o
                0x000368de                _EV_DoCeiling
 .text.P_TryWalk
                0x00036b32      0x212 /tmp/ccWJ2D8E.ltrans27.ltrans.o
                0x00036b32                _P_TryWalk
 .text.Z_ChangeTag2.constprop.89
                0x00036d44       0x54 /tmp/ccWJ2D8E.ltrans28.ltrans.o
                0x00036d44                _Z_ChangeTag2.constprop.89
 .text.S_StartSound.constprop.86
                0x00036d98      0x3ce /tmp/ccWJ2D8E.ltrans28.ltrans.o
                0x00036d98                _S_StartSound.constprop.86
 .text.I_StopSong.constprop.84
                0x00037166       0x3c /tmp/ccWJ2D8E.ltrans28.ltrans.o
                0x00037166                _I_StopSong.constprop.84
 .text.V_DrawPatch.constprop.81
                0x000371a2      0x12a /tmp/ccWJ2D8E.ltrans28.ltrans.o
                0x000371a2                _V_DrawPatch.constprop.81
 .text.W_CacheLumpName.constprop.79
                0x000372cc       0x32 /tmp/ccWJ2D8E.ltrans28.ltrans.o
                0x000372cc                _W_CacheLumpName.constprop.79
 .text.W_CacheLumpName.constprop.78
                0x000372fe       0x32 /tmp/ccWJ2D8E.ltrans28.ltrans.o
                0x000372fe                _W_CacheLumpName.constprop.78
 .text.fDSP_ALGO_P_LoadRay.constprop.66
                0x00037330       0x4c /tmp/ccWJ2D8E.ltrans28.ltrans.o
                0x00037330                _fDSP_ALGO_P_LoadRay.constprop.66
 .text.G_DeathMatchSpawnPlayer
                0x0003737c      0x83a /tmp/ccWJ2D8E.ltrans29.ltrans.o
                0x0003737c                _G_DeathMatchSpawnPlayer
 .text.G_CheckSpot
                0x00037bb6      0x1e0 /tmp/ccWJ2D8E.ltrans29.ltrans.o
                0x00037bb6                _G_CheckSpot
 .text.G_BuildTiccmd
                0x00037d96      0x5aa /tmp/ccWJ2D8E.ltrans30.ltrans.o
                0x00037d96                _G_BuildTiccmd
 .text.D_AddFile
                0x00038340       0x7a /tmp/ccWJ2D8E.ltrans31.ltrans.o
                0x00038340                _D_AddFile
 .text.D_DoAdvanceDemo
                0x000383ba      0x26e /tmp/ccWJ2D8E.ltrans31.ltrans.o
                0x000383ba                _D_DoAdvanceDemo
 .text          0x00038628       0x14 /usr/m68k-ataribrown-elf/lib/m68020/softfp/libc.a(checkcpu.o)
                0x00038628                __checkcpu
 .text          0x0003863c      0x6fa /usr/m68k-ataribrown-elf/lib/m68020/softfp/libc.a(crtinit.o)
                0x0003863c                __acc_main
                0x0003874e                __crtinit
 *fill*         0x00038d36        0x2 4e714e71
 .text          0x00038d38       0x6a /usr/m68k-ataribrown-elf/lib/m68020/softfp/libc.a(getenv.o)
                0x00038d38                _getenv
 *fill*         0x00038da2        0x2 4e714e71
 .text          0x00038da4      0x67c /usr/m68k-ataribrown-elf/lib/m68020/softfp/libc.a(main.o)
                0x00038e42                __main
                0x00038e42                ___libc_main
 .text          0x00039420      0x4be /usr/m68k-ataribrown-elf/lib/m68020/softfp/libc.a(malloc.o)
                0x00039420                ___mallocChunkSize
                0x00039420                __mallocChunkSize
                0x00039432                __malloczero
                0x00039432                ___malloczero
                0x0003943c                _malloc
                0x0003943c                ___malloc
                0x0003961a                _free
                0x0003961a                ___free
 *fill*         0x000398de        0x2 4e714e71
 .text          0x000398e0      0x14a /usr/m68k-ataribrown-elf/lib/m68020/softfp/libc.a(realloc.o)
                0x000398e0                ___realloc
                0x000398e0                _realloc
 *fill*         0x00039a2a        0x2 4e714e71
 .text          0x00039a2c        0xc /usr/m68k-ataribrown-elf/lib/m68020/softfp/libc.a(setstack.o)
                0x00039a2c                __setstack
 .text          0x00039a38      0x478 /usr/m68k-ataribrown-elf/lib/m68020/softfp/libc.a(unx2dos.o)
                0x00039a38                __unx2dos
                0x00039c38                __dos2unx
                0x00039d64                _unx2dos
                0x00039d7a                _dos2unx
                0x00039d90                __path_unx2dos
                0x00039e16                __path_dos2unx
 .text          0x00039eb0       0x20 /usr/m68k-ataribrown-elf/lib/m68020/softfp/libc.a(initsig.o)
                0x00039eb0                __init_signal
 .text          0x00039ed0       0xa2 /usr/m68k-ataribrown-elf/lib/m68020/softfp/libc.a(binmode.o)
                0x00039ed0                __binmode
                0x00039ed0                ___binmode
                0x00039eea                ___set_binmode
 *fill*         0x00039f72        0x2 4e714e71
 .text          0x00039f74       0xe4 /usr/m68k-ataribrown-elf/lib/m68020/softfp/libc.a(fclose.o)
                0x00039f74                _fclose
 .text          0x0003a058       0xce /usr/m68k-ataribrown-elf/lib/m68020/softfp/libc.a(fflush.o)
                0x0003a058                _fflush
                0x0003a058                _fflush_unlocked
 *fill*         0x0003a126        0x2 4e714e71
 .text          0x0003a128      0x210 /usr/m68k-ataribrown-elf/lib/m68020/softfp/libc.a(fgets.o)
                0x0003a128                _fgets_unlocked
                0x0003a128                _fgets
 .text          0x0003a338       0x66 /usr/m68k-ataribrown-elf/lib/m68020/softfp/libc.a(fileno.o)
                0x0003a338                _fileno
                0x0003a338                _fileno_unlocked
 *fill*         0x0003a39e        0x2 4e714e71
 .text          0x0003a3a0      0x150 /usr/m68k-ataribrown-elf/lib/m68020/softfp/libc.a(fopen.o)
                0x0003a3a0                ___getmode
                0x0003a454                _fopen
 .text          0x0003a4f0      0x1fc /usr/m68k-ataribrown-elf/lib/m68020/softfp/libc.a(fread.o)
                0x0003a4f0                _fread
                0x0003a4f0                _fread_unlocked
 .text          0x0003a6ec      0x178 /usr/m68k-ataribrown-elf/lib/m68020/softfp/libc.a(fseek.o)
                0x0003a6ec                _fseek
                0x0003a860                _fseeko
 .text          0x0003a864       0x7c /usr/m68k-ataribrown-elf/lib/m68020/softfp/libc.a(ftell.o)
                0x0003a864                _ftell
                0x0003a8de                _ftello
 .text          0x0003a8e0       0x2c /usr/m68k-ataribrown-elf/lib/m68020/softfp/libc.a(getchar.o)
                0x0003a8e0                _getchar_unlocked
                0x0003a8e0                _getchar
 .text          0x0003a90c      0xb72 /usr/m68k-ataribrown-elf/lib/m68020/softfp/libc.a(internals.o)
                0x0003aa60                ___stdio_check_funcs
                0x0003aafc                ___stdio_check_offset
                0x0003b112                ___flshfp
                0x0003b294                ___fillbf
                0x0003b456                ___invalidate
 *fill*         0x0003b47e        0x2 4e714e71
 .text          0x0003b480       0x74 /usr/m68k-ataribrown-elf/lib/m68020/softfp/libc.a(newstream.o)
                0x0003b480                ___newstream
 .text          0x0003b4f4       0x3a /usr/m68k-ataribrown-elf/lib/m68020/softfp/libc.a(setbuf.o)
                0x0003b4f4                _setbuf
 *fill*         0x0003b52e        0x2 4e714e71
 .text          0x0003b530      0x11c /usr/m68k-ataribrown-elf/lib/m68020/softfp/libc.a(setvbuf.o)
                0x0003b530                _setvbuf
 .text          0x0003b64c       0x84 /usr/m68k-ataribrown-elf/lib/m68020/softfp/libc.a(stdio_init.o)
                0x0003b64c                ___stdio_init_stream
 .text          0x0003b6d0      0x394 /usr/m68k-ataribrown-elf/lib/m68020/softfp/libc.a(sysd-stdio.o)
                0x0003b6d0                ___stdio_close
                0x0003b6d6                ___stdio_read
                0x0003b6dc                ___stdio_text_read
                0x0003b7ec                ___stdio_write
                0x0003b83a                ___stdio_text_write
                0x0003b920                ___stdio_seek
                0x0003b94c                ___stdio_fileno
                0x0003b952                ___stdio_open
                0x0003b9d0                ___stdio_reopen
 .text          0x0003ba64       0x16 /usr/m68k-ataribrown-elf/lib/m68020/softfp/libc.a(atoi.o)
                0x0003ba64                _atoi
 *fill*         0x0003ba7a        0x2 4e714e71
 .text          0x0003ba7c       0x3c /usr/m68k-ataribrown-elf/lib/m68020/softfp/libc.a(exit.o)
                0x0003ba7c                ___exit
                0x0003ba7c                _exit
 .text          0x0003bab8      0x2d4 /usr/m68k-ataribrown-elf/lib/m68020/softfp/libc.a(strtol.o)
                0x0003bd40                ___strtol_internal
                0x0003bd66                _strtol
 .text          0x0003bd8c      0x1c4 /usr/m68k-ataribrown-elf/lib/m68020/softfp/libc.a(bcopy.o)
                0x0003bd8c                _memcpy
                0x0003bd8c                _memmove
                0x0003bd96                ___bcopy
                0x0003bd96                _bcopy
                0x0003bd96                __bcopy
 .text          0x0003bf50       0xa8 /usr/m68k-ataribrown-elf/lib/m68020/softfp/libc.a(bzero.o)
                0x0003bf50                _bzero
                0x0003bf50                __bzero
                0x0003bf50                ___bzero
 .text          0x0003bff8       0x32 /usr/m68k-ataribrown-elf/lib/m68020/softfp/libc.a(memccpy.o)
                0x0003bff8                _memccpy
                0x0003bff8                ___memccpy
 *fill*         0x0003c02a        0x2 4e714e71
 .text          0x0003c02c       0xaa /usr/m68k-ataribrown-elf/lib/m68020/softfp/libc.a(memset.o)
                0x0003c02c                _memset
 *fill*         0x0003c0d6        0x2 4e714e71
 .text          0x0003c0d8       0x34 /usr/m68k-ataribrown-elf/lib/m68020/softfp/libc.a(strcmp.o)
                0x0003c0d8                _strcmp
 .text          0x0003c10c      0x136 /usr/m68k-ataribrown-elf/lib/m68020/softfp/libc.a(strerror.o)
                0x0003c10c                _strerror
 *fill*         0x0003c242        0x2 4e714e71
 .text          0x0003c244       0x1c /usr/m68k-ataribrown-elf/lib/m68020/softfp/libc.a(strlen.o)
                0x0003c244                _strlen
 .text          0x0003c260       0x44 /usr/m68k-ataribrown-elf/lib/m68020/softfp/libc.a(strncat.o)
                0x0003c260                _strncat
 .text          0x0003c2a4       0x4a /usr/m68k-ataribrown-elf/lib/m68020/softfp/libc.a(strncmp.o)
                0x0003c2a4                _strncmp
 *fill*         0x0003c2ee        0x2 4e714e71
 .text          0x0003c2f0       0x36 /usr/m68k-ataribrown-elf/lib/m68020/softfp/libc.a(strncpy.o)
                0x0003c2f0                _strncpy
 *fill*         0x0003c326        0x2 4e714e71
 .text          0x0003c328       0x32 /usr/m68k-ataribrown-elf/lib/m68020/softfp/libc.a(strrchr.o)
                0x0003c328                _rindex
                0x0003c328                _strrchr
 *fill*         0x0003c35a        0x2 4e714e71
 .text          0x0003c35c       0x4a /usr/m68k-ataribrown-elf/lib/m68020/softfp/libc.a(strupr.o)
                0x0003c35c                _strupr
 *fill*         0x0003c3a6        0x2 4e714e71
 .text          0x0003c3a8       0xec /usr/m68k-ataribrown-elf/lib/m68020/softfp/libc.a(access.o)
                0x0003c3a8                _access
                0x0003c3a8                ___access
 .text          0x0003c494       0x58 /usr/m68k-ataribrown-elf/lib/m68020/softfp/libc.a(close.o)
                0x0003c494                ___close
                0x0003c494                _close
 .text          0x0003c4ec       0xd8 /usr/m68k-ataribrown-elf/lib/m68020/softfp/libc.a(dup2.o)
                0x0003c4ec                _dup2
                0x0003c4ec                ___dup2
 .text          0x0003c5c4       0x18 /usr/m68k-ataribrown-elf/lib/m68020/softfp/libc.a(fstat.o)
                0x0003c5c4                _fstat
                0x0003c5c4                ___fstat
 .text          0x0003c5dc       0x32 /usr/m68k-ataribrown-elf/lib/m68020/softfp/libc.a(getgid.o)
                0x0003c5dc                _getgid
                0x0003c5dc                ___getgid
 *fill*         0x0003c60e        0x2 4e714e71
 .text          0x0003c610      0x13a /usr/m68k-ataribrown-elf/lib/m68020/softfp/libc.a(getgroups.o)
                0x0003c610                ___getgroups
                0x0003c610                _getgroups
 *fill*         0x0003c74a        0x2 4e714e71
 .text          0x0003c74c      0x154 /usr/m68k-ataribrown-elf/lib/m68020/softfp/libc.a(gethostname.o)
                0x0003c74c                _gethostname
                0x0003c74c                ___gethostname
 .text          0x0003c8a0       0x4e /usr/m68k-ataribrown-elf/lib/m68020/softfp/libc.a(getpagesize.o)
                0x0003c8a0                ___getpagesize
                0x0003c8a0                _getpagesize
 *fill*         0x0003c8ee        0x2 4e714e71
 .text          0x0003c8f0       0x26 /usr/m68k-ataribrown-elf/lib/m68020/softfp/libc.a(getuid.o)
                0x0003c8f0                _getuid
                0x0003c8f0                ___getuid
 *fill*         0x0003c916        0x2 4e714e71
 .text          0x0003c918      0x6c4 /usr/m68k-ataribrown-elf/lib/m68020/softfp/libc.a(ioctl.o)
                0x0003c918                ___ioctl
                0x0003c918                _ioctl
 .text          0x0003cfdc      0x13e /usr/m68k-ataribrown-elf/lib/m68020/softfp/libc.a(lseek.o)
                0x0003cfdc                ___lseek
                0x0003cfdc                _lseek
 *fill*         0x0003d11a        0x2 4e714e71
 .text          0x0003d11c      0x118 /usr/m68k-ataribrown-elf/lib/m68020/softfp/libc.a(mkdir.o)
                0x0003d11c                _mkdir
                0x0003d11c                ___mkdir
 .text          0x0003d234      0x8fa /usr/m68k-ataribrown-elf/lib/m68020/softfp/libc.a(open.o)
                0x0003d2e8                ___open_v
                0x0003db12                _open
                0x0003db12                ___open
 *fill*         0x0003db2e        0x2 4e714e71
 .text          0x0003db30      0x408 /usr/m68k-ataribrown-elf/lib/m68020/softfp/libc.a(read.o)
                0x0003db30                _read
                0x0003db30                ___read
 .text          0x0003df38       0x78 /usr/m68k-ataribrown-elf/lib/m68020/softfp/libc.a(sbrk.o)
                0x0003df38                _sbrk
                0x0003df38                ___sbrk
 .text          0x0003dfb0       0x16 /usr/m68k-ataribrown-elf/lib/m68020/softfp/libc.a(stat.o)
                0x0003dfb0                ___stat
                0x0003dfb0                _stat
 *fill*         0x0003dfc6        0x2 4e714e71
 .text          0x0003dfc8       0x4c /usr/m68k-ataribrown-elf/lib/m68020/softfp/libc.a(sysctl.o)
                0x0003dfc8                ___sysctl
                0x0003dfc8                _sysctl
 .text          0x0003e014      0x17e /usr/m68k-ataribrown-elf/lib/m68020/softfp/libc.a(write.o)
                0x0003e014                _write
                0x0003e014                ___write
 *fill*         0x0003e192        0x2 4e714e71
 .text          0x0003e194      0x13c /usr/m68k-ataribrown-elf/lib/m68020/softfp/libc.a(bind.o)
                0x0003e194                _bind
                0x0003e194                ___bind
 .text          0x0003e2d0     0x1752 /usr/m68k-ataribrown-elf/lib/m68020/softfp/libc.a(gethostnamadr.o)
                0x0003f11e                __sethtent
                0x0003f162                __endhtent
                0x0003f186                __gethtent
                0x0003f334                __gethtbyname
                0x0003f602                _gethostbyname
                0x0003f602                ___gethostbyname
                0x0003f7de                __gethtbyaddr
                0x0003f82e                _gethostbyaddr
                0x0003f82e                ___gethostbyaddr
 *fill*         0x0003fa22        0x2 4e714e71
 .text          0x0003fa24      0x1da /usr/m68k-ataribrown-elf/lib/m68020/softfp/libc.a(inet_addr.o)
                0x0003fa24                _inet_aton
                0x0003fbda                _inet_addr
 *fill*         0x0003fbfe        0x2 4e714e71
 .text          0x0003fc00      0x136 /usr/m68k-ataribrown-elf/lib/m68020/softfp/libc.a(recvfrom.o)
                0x0003fc00                ___recvfrom
                0x0003fc00                _recvfrom
 *fill*         0x0003fd36        0x2 4e714e71
 .text          0x0003fd38      0x3d4 /usr/m68k-ataribrown-elf/lib/m68020/softfp/libc.a(res_comp.o)
                0x0003fd38                _dn_expand
                0x0003fe32                _dn_comp
                0x00040042                ___dn_skipname
                0x000400a4                __getshort
                0x000400b4                __getlong
                0x000400d0                ___putshort
                0x000400e2                ___putlong
 .text          0x0004010c      0x4ac /usr/m68k-ataribrown-elf/lib/m68020/softfp/libc.a(res_query.o)
                0x0004010c                _res_query
                0x0004020c                _res_querydomain
                0x000402c0                ___hostalias
                0x00040414                _res_search
 .text          0x000405b8      0x842 /usr/m68k-ataribrown-elf/lib/m68020/softfp/libc.a(res_send.o)
                0x000405b8                _res_send
                0x00040dda                __res_close
 *fill*         0x00040dfa        0x2 4e714e71
 .text          0x00040dfc       0x9c /usr/m68k-ataribrown-elf/lib/m68020/softfp/libc.a(send.o)
                0x00040dfc                ___send
                0x00040dfc                _send
 .text          0x00040e98      0x13a /usr/m68k-ataribrown-elf/lib/m68020/softfp/libc.a(sendmsg.o)
                0x00040e98                _sendmsg
                0x00040e98                ___sendmsg
 *fill*         0x00040fd2        0x2 4e714e71
 .text          0x00040fd4      0x146 /usr/m68k-ataribrown-elf/lib/m68020/softfp/libc.a(sendto.o)
                0x00040fd4                _sendto
                0x00040fd4                ___sendto
 *fill*         0x0004111a        0x2 4e714e71
 .text          0x0004111c       0x4c /usr/m68k-ataribrown-elf/lib/m68020/softfp/libc.a(sncpy.o)
                0x0004111c                __sncpy
 .text          0x00041168       0xd8 /usr/m68k-ataribrown-elf/lib/m68020/softfp/libc.a(socket.o)
                0x00041168                _socket
                0x00041168                ___socket
 .text          0x00041240      0x162 /usr/m68k-ataribrown-elf/lib/m68020/softfp/libc.a(assert.o)
                0x00041240                ___assert_fail
 *fill*         0x000413a2        0x2 4e714e71
 .text          0x000413a4       0xa0 /usr/m68k-ataribrown-elf/lib/m68020/softfp/libc.a(console.o)
                0x000413a4                __console_read_byte
                0x00041418                __console_write_byte
 .text          0x00041444      0x440 /usr/m68k-ataribrown-elf/lib/m68020/softfp/libc.a(do_fstat.o)
                0x00041444                ___sys_fstat
                0x00041598                ___do_fstat
 .text          0x00041884      0x7a2 /usr/m68k-ataribrown-elf/lib/m68020/softfp/libc.a(do_stat.o)
                0x00041884                ___sys_stat
                0x000419c0                ___do_stat
 *fill*         0x00042026        0x2 4e714e71
 .text          0x00042028      0x132 /usr/m68k-ataribrown-elf/lib/m68020/softfp/libc.a(enoent.o)
                0x00042028                __enoent
 *fill*         0x0004215a        0x2 4e714e71
 .text          0x0004215c       0x7e /usr/m68k-ataribrown-elf/lib/m68020/softfp/libc.a(getcookie.o)
                0x0004215c                _Getcookie
 *fill*         0x000421da        0x2 4e714e71
 .text          0x000421dc       0x60 /usr/m68k-ataribrown-elf/lib/m68020/softfp/libc.a(getsysvar.o)
                0x000421dc                _get_sysvar
 .text          0x0004223c      0x11e /usr/m68k-ataribrown-elf/lib/m68020/softfp/libc.a(isatty.o)
                0x0004223c                ___isatty
                0x0004223c                _isatty
 *fill*         0x0004235a        0x2 4e714e71
 .text          0x0004235c       0xae /usr/m68k-ataribrown-elf/lib/m68020/softfp/libc.a(isctty.o)
                0x0004235c                __isctty
 *fill*         0x0004240a        0x2 4e714e71
 .text          0x0004240c       0x1a /usr/m68k-ataribrown-elf/lib/m68020/softfp/libc.a(libc_exit.o)
                0x0004240c                __exit
                0x0004240c                ___libc_exit
 *fill*         0x00042426        0x2 4e714e71
 .text          0x00042428      0x572 /usr/m68k-ataribrown-elf/lib/m68020/softfp/libc.a(quickstat.o)
                0x00042428                ___quickstat
 *fill*         0x0004299a        0x2 4e714e71
 .text          0x0004299c       0x54 /usr/m68k-ataribrown-elf/lib/m68020/softfp/libc.a(toxxx.o)
                0x0004299c                __toupper
                0x0004299c                _toupper
                0x000429c6                __tolower
                0x000429c6                _tolower
 .text          0x000429f0       0x62 /usr/m68k-ataribrown-elf/lib/m68020/softfp/libc.a(unixtime.o)
                0x000429f0                ___unixtime
 *fill*         0x00042a52        0x2 4e714e71
 .text          0x00042a54       0x16 /usr/m68k-ataribrown-elf/lib/m68020/softfp/libc.a(raise.o)
                0x00042a54                _gsignal
                0x00042a54                _raise
 *fill*         0x00042a6a        0x2 4e714e71
 .text          0x00042a6c       0x38 /usr/m68k-ataribrown-elf/lib/m68020/softfp/libc.a(getpwuid.o)
                0x00042a6c                _getpwuid
 .text          0x00042aa4       0x92 /usr/m68k-ataribrown-elf/lib/m68020/softfp/libc.a(getpwuid_r.o)
                0x00042aa4                _getpwuid_r
                0x00042aa4                ___getpwuid_r
 *fill*         0x00042b36        0x2 4e714e71
 .text          0x00042b38      0x254 /usr/m68k-ataribrown-elf/lib/m68020/softfp/libc.a(grp.o)
                0x00042b38                _setgrent
                0x00042cb0                _endgrent
                0x00042cca                _getgrent
                0x00042cf6                _getgrgid
                0x00042d28                _getgrnam
                0x00042d6a                _fgetgrent
 .text          0x00042d8c       0x56 /usr/m68k-ataribrown-elf/lib/m68020/softfp/libc.a(fcloseall.o)
                0x00042d8c                _fcloseall
                0x00042d8c                ___fcloseall
 *fill*         0x00042de2        0x2 4e714e71
 .text          0x00042de4       0x1e /usr/m68k-ataribrown-elf/lib/m68020/softfp/libc.a(fprintf.o)
                0x00042de4                _fprintf
 *fill*         0x00042e02        0x2 4e714e71
 .text          0x00042e04      0x352 /usr/m68k-ataribrown-elf/lib/m68020/softfp/libc.a(fwrite.o)
                0x00042e04                _fwrite_unlocked
                0x00042e04                _fwrite
 *fill*         0x00043156        0x2 4e714e71
 .text          0x00043158       0x2a /usr/m68k-ataribrown-elf/lib/m68020/softfp/libc.a(rewind.o)
                0x00043158                _rewind
 *fill*         0x00043182        0x2 4e714e71
 .text          0x00043184       0x1e /usr/m68k-ataribrown-elf/lib/m68020/softfp/libc.a(sprintf.o)
                0x00043184                _sprintf
 *fill*         0x000431a2        0x2 4e714e71
 .text          0x000431a4     0x3afa /usr/m68k-ataribrown-elf/lib/m68020/softfp/libc.a(vfprintf.o)
                0x00043644                ___printf_pad
                0x000436c2                _vfprintf
 *fill*         0x00046c9e        0x2 4e714e71
 .text          0x00046ca0       0x70 /usr/m68k-ataribrown-elf/lib/m68020/softfp/libc.a(vsprintf.o)
                0x00046ca0                _vsprintf
 .text          0x00046d10      0x28a /usr/m68k-ataribrown-elf/lib/m68020/softfp/libc.a(strtoul.o)
                0x00046f4e                ___strtoul_internal
                0x00046f74                _strtoul
 *fill*         0x00046f9a        0x2 4e714e71
 .text          0x00046f9c       0xd2 /usr/m68k-ataribrown-elf/lib/m68020/softfp/libc.a(bcmp.o)
                0x00046f9c                _bcmp
                0x00046f9c                ___bcmp
 *fill*         0x0004706e        0x2 4e714e71
 .text          0x00047070       0x2a /usr/m68k-ataribrown-elf/lib/m68020/softfp/libc.a(memchr.o)
                0x00047070                _memchr
 *fill*         0x0004709a        0x2 4e714e71
 .text          0x0004709c       0x20 /usr/m68k-ataribrown-elf/lib/m68020/softfp/libc.a(mempcpy.o)
                0x0004709c                ___mempcpy
                0x0004709c                _mempcpy
 .text          0x000470bc       0x68 /usr/m68k-ataribrown-elf/lib/m68020/softfp/libc.a(strcasecmp.o)
                0x000470bc                ___strcasecmp
                0x000470bc                _strcmpi
                0x000470bc                _strcasecmp
                0x000470bc                _stricmp
 .text          0x00047124       0x26 /usr/m68k-ataribrown-elf/lib/m68020/softfp/libc.a(strchr.o)
                0x00047124                _strchr
                0x00047124                _index
                0x00047124                ___strchr
 *fill*         0x0004714a        0x2 4e714e71
 .text          0x0004714c       0x12 /usr/m68k-ataribrown-elf/lib/m68020/softfp/libc.a(strcpy.o)
                0x0004714c                _strcpy
 *fill*         0x0004715e        0x2 4e714e71
 .text          0x00047160       0x6e /usr/m68k-ataribrown-elf/lib/m68020/softfp/libc.a(strerror_r.o)
                0x00047160                _strerror_r
                0x00047160                ___strerror_r
 *fill*         0x000471ce        0x2 4e714e71
 .text          0x000471d0       0x94 /usr/m68k-ataribrown-elf/lib/m68020/softfp/libc.a(strncasecmp.o)
                0x000471d0                ___strncasecmp
                0x000471d0                _strncasecmp
                0x000471d0                _strnicmp
                0x000471d0                _strncmpi
 .text          0x00047264       0x2a /usr/m68k-ataribrown-elf/lib/m68020/softfp/libc.a(strnlen.o)
                0x00047264                _strnlen
                0x00047264                ___strnlen
 *fill*         0x0004728e        0x2 4e714e71
 .text          0x00047290       0x2a /usr/m68k-ataribrown-elf/lib/m68020/softfp/libc.a(strpbrk.o)
                0x00047290                _strpbrk
 *fill*         0x000472ba        0x2 4e714e71
 .text          0x000472bc       0x1a /usr/m68k-ataribrown-elf/lib/m68020/softfp/libc.a(strtok.o)
                0x000472bc                _strtok
 *fill*         0x000472d6        0x2 4e714e71
 .text          0x000472d8       0x82 /usr/m68k-ataribrown-elf/lib/m68020/softfp/libc.a(strtok_r.o)
                0x000472d8                ___strtok_r
                0x000472d8                _strtok_r
 *fill*         0x0004735a        0x2 4e714e71
 .text          0x0004735c     0x2798 /usr/m68k-ataribrown-elf/lib/m68020/softfp/libc.a(localtime.o)
                0x000496e0                _tzsetwall
                0x00049750                _tzset
                0x0004987a                _localtime
                0x00049894                _localtime_r
                0x000498a8                _gmtime
                0x000498be                _gmtime_r
                0x000498d2                _offtime
                0x000498ea                _ctime
                0x00049912                _ctime_r
                0x00049938                _mktime
                0x00049950                _timelocal
                0x00049978                _timegm
                0x00049996                _timeoff
                0x000499b6                _time2posix
                0x000499f6                _posix2time
 .text          0x00049af4      0x14a /usr/m68k-ataribrown-elf/lib/m68020/softfp/libc.a(chmod.o)
                0x00049af4                ___chmod
                0x00049af4                _chmod
 *fill*         0x00049c3e        0x2 4e714e71
 .text          0x00049c40       0x30 /usr/m68k-ataribrown-elf/lib/m68020/softfp/libc.a(getegid.o)
                0x00049c40                _getegid
                0x00049c40                ___getegid
 .text          0x00049c70       0x30 /usr/m68k-ataribrown-elf/lib/m68020/softfp/libc.a(geteuid.o)
                0x00049c70                ___geteuid
                0x00049c70                _geteuid
 .text          0x00049ca0       0x34 /usr/m68k-ataribrown-elf/lib/m68020/softfp/libc.a(getpid.o)
                0x00049ca0                _getpid
                0x00049ca0                ___getpid
 .text          0x00049cd4      0x112 /usr/m68k-ataribrown-elf/lib/m68020/softfp/libc.a(kill.o)
                0x00049cd4                ___kill
                0x00049cd4                _kill
 *fill*         0x00049de6        0x2 4e714e71
 .text          0x00049de8      0x3a8 /usr/m68k-ataribrown-elf/lib/m68020/softfp/libc.a(select.o)
                0x00049de8                _select
                0x00049de8                ___select
 .text          0x0004a190       0x38 /usr/m68k-ataribrown-elf/lib/m68020/softfp/libc.a(time.o)
                0x0004a190                ___time
                0x0004a190                _time
 .text          0x0004a1c8      0x13c /usr/m68k-ataribrown-elf/lib/m68020/softfp/libc.a(connect.o)
                0x0004a1c8                ___connect
                0x0004a1c8                _connect
 .text          0x0004a304       0x9c /usr/m68k-ataribrown-elf/lib/m68020/softfp/libc.a(recv.o)
                0x0004a304                ___recv
                0x0004a304                _recv
 .text          0x0004a3a0      0x41c /usr/m68k-ataribrown-elf/lib/m68020/softfp/libc.a(res_init.o)
                0x0004a3a0                _res_init
 .text          0x0004a7bc      0x182 /usr/m68k-ataribrown-elf/lib/m68020/softfp/libc.a(res_mkquery.o)
                0x0004a7bc                _res_mkquery
 *fill*         0x0004a93e        0x2 4e714e71
 .text          0x0004a940       0x14 /usr/m68k-ataribrown-elf/lib/m68020/softfp/libc.a(abort.o)
                0x0004a940                _abort
 .text          0x0004a954       0x36 /usr/m68k-ataribrown-elf/lib/m68020/softfp/libc.a(calloc.o)
                0x0004a954                _calloc
                0x0004a954                ___calloc
 *fill*         0x0004a98a        0x2 4e714e71
 .text          0x0004a98c      0x36a /usr/m68k-ataribrown-elf/lib/m68020/softfp/libc.a(fgetpwent_r.o)
                0x0004aa16                ___fgetpwent_r
                0x0004aa16                _fgetpwent_r
 *fill*         0x0004acf6        0x2 4e714e71
 .text          0x0004acf8      0x1c8 /usr/m68k-ataribrown-elf/lib/m68020/softfp/libc.a(_itoa.o)
                0x0004acf8                __itoa
 .text          0x0004aec0        0xc /usr/m68k-ataribrown-elf/lib/m68020/softfp/libc.a(clearerr.o)
                0x0004aec0                _clearerr
                0x0004aec0                _clearerr_unlocked
 .text          0x0004aecc        0x8 /usr/m68k-ataribrown-elf/lib/m68020/softfp/libc.a(lockfile.o)
                0x0004aecc                ___internal_flockfile
                0x0004aecc                _flockfile
                0x0004aecc                ___flockfile
                0x0004aece                ___funlockfile
                0x0004aece                ___internal_funlockfile
                0x0004aece                _funlockfile
                0x0004aed0                _ftrylockfile
                0x0004aed0                ___internal_ftrylockfile
                0x0004aed0                ___ftrylockfile
 .text          0x0004aed4     0x1640 /usr/m68k-ataribrown-elf/lib/m68020/softfp/libc.a(printf_fp.o)
                0x0004b014                ___printf_fp
                0x0004c4cc                ___guess_grouping
 .text          0x0004c514      0xbaa /usr/m68k-ataribrown-elf/lib/m68020/softfp/libc.a(printf_fphex.o)
                0x0004c514                ___printf_fphex
 *fill*         0x0004d0be        0x2 4e714e71
 .text          0x0004d0c0       0xa2 /usr/m68k-ataribrown-elf/lib/m68020/softfp/libc.a(ungetc.o)
                0x0004d0c0                _ungetc
 *fill*         0x0004d162        0x2 4e714e71
 .text          0x0004d164      0x18c /usr/m68k-ataribrown-elf/lib/m68020/softfp/libc.a(asctime.o)
                0x0004d164                _asctime_r
                0x0004d2de                _asctime
 .text          0x0004d2f0     0x143c /usr/m68k-ataribrown-elf/lib/m68020/softfp/libc.a(strftime.o)
                0x0004e5e2                _strftime
 .text          0x0004e72c       0xf6 /usr/m68k-ataribrown-elf/lib/m68020/softfp/libc.a(gettimeofday.o)
                0x0004e72c                ___gettimeofday
                0x0004e72c                _gettimeofday
 *fill*         0x0004e822        0x2 4e714e71
 .text          0x0004e824      0x2c6 /usr/m68k-ataribrown-elf/lib/m68020/softfp/libc.a(poll.o)
                0x0004e824                ___poll
                0x0004e824                _poll
 *fill*         0x0004eaea        0x2 4e714e71
 .text          0x0004eaec       0x44 /usr/m68k-ataribrown-elf/lib/m68020/softfp/libc.a(inet_makeaddr.o)
                0x0004eaec                _inet_makeaddr
 .text          0x0004eb30       0xe0 /usr/m68k-ataribrown-elf/lib/m68020/softfp/libc.a(dbl2mpn.o)
                0x0004eb30                ___mpn_extract_double
 .text          0x0004ec10       0xc8 /usr/m68k-ataribrown-elf/lib/m68020/softfp/libc.a(ldbl2mpn.o)
                0x0004ec10                ___mpn_extract_long_double
 .text          0x0004ecd8       0x52 /usr/m68k-ataribrown-elf/lib/m68020/softfp/libc.a(mpn-cmp.o)
                0x0004ecd8                ___mpn_cmp
 *fill*         0x0004ed2a        0x2 4e714e71
 .text          0x0004ed2c      0x344 /usr/m68k-ataribrown-elf/lib/m68020/softfp/libc.a(mpn-divrem.o)
                0x0004ed2c                ___mpn_divrem
 .text          0x0004f070       0x66 /usr/m68k-ataribrown-elf/lib/m68020/softfp/libc.a(mpn-lshift.o)
                0x0004f070                ___mpn_lshift
 *fill*         0x0004f0d6        0x2 4e714e71
 .text          0x0004f0d8      0x29e /usr/m68k-ataribrown-elf/lib/m68020/softfp/libc.a(mpn-mul.o)
                0x0004f0d8                ___mpn_mul
 *fill*         0x0004f376        0x2 4e714e71
 .text          0x0004f378       0x3c /usr/m68k-ataribrown-elf/lib/m68020/softfp/libc.a(mpn-mul_1.o)
                0x0004f378                ___mpn_mul_1
 .text          0x0004f3b4      0x8e6 /usr/m68k-ataribrown-elf/lib/m68020/softfp/libc.a(mpn-mul_n.o)
                0x0004f3b4                ___mpn_impn_mul_n_basecase
                0x0004f4a2                ___mpn_impn_mul_n
                0x0004f814                ___mpn_impn_sqr_n_basecase
                0x0004f900                ___mpn_impn_sqr_n
                0x0004fbfe                ___mpn_mul_n
 *fill*         0x0004fc9a        0x2 4e714e71
 .text          0x0004fc9c       0x5e /usr/m68k-ataribrown-elf/lib/m68020/softfp/libc.a(mpn-rshift.o)
                0x0004fc9c                ___mpn_rshift
 *fill*         0x0004fcfa        0x2 4e714e71
 .text          0x0004fcfc       0x50 /usr/m68k-ataribrown-elf/lib/m68020/softfp/libc.a(mpn-sub_n.o)
                0x0004fcfc                ___mpn_sub_n
 .text          0x0004fd4c       0x4e /usr/m68k-ataribrown-elf/lib/m68020/softfp/libc.a(mpn-submul_1.o)
                0x0004fd4c                ___mpn_submul_1
 *fill*         0x0004fd9a        0x2 4e714e71
 .text          0x0004fd9c       0x2c /usr/m68k-ataribrown-elf/lib/m68020/softfp/libc.a(s_isinf.o)
                0x0004fd9c                _isinf
                0x0004fd9c                ___isinf
 .text          0x0004fdc8       0x62 /usr/m68k-ataribrown-elf/lib/m68020/softfp/libc.a(s_isinfl.o)
                0x0004fdc8                ___isinfl
                0x0004fdc8                _isinfl
 *fill*         0x0004fe2a        0x2 4e714e71
 .text          0x0004fe2c       0x2a /usr/m68k-ataribrown-elf/lib/m68020/softfp/libc.a(s_isnan.o)
                0x0004fe2c                _isnan
                0x0004fe2c                ___isnan
 *fill*         0x0004fe56        0x2 4e714e71
 .text          0x0004fe58       0x74 /usr/m68k-ataribrown-elf/lib/m68020/softfp/libc.a(s_isnanl.o)
                0x0004fe58                ___isnanl
                0x0004fe58                _isnanl
 .text          0x0004fecc        0xc /usr/m68k-ataribrown-elf/lib/m68020/softfp/libc.a(s_signbit.o)
                0x0004fecc                ___signbit
                0x0004fecc                _signbit
 .text          0x0004fed8       0x22 /usr/m68k-ataribrown-elf/lib/m68020/softfp/libc.a(s_signbitl.o)
                0x0004fed8                ___signbitl
                0x0004fed8                _signbitl
 *fill*         0x0004fefa        0x2 4e714e71
 .text          0x0004fefc        0x8 /usr/m68k-ataribrown-elf/lib/m68020/softfp/libc.a(setlocale.o)
                0x0004fefc                _setlocale
 .text          0x0004ff04       0xa0 /usr/m68k-ataribrown-elf/lib/m68020/softfp/libc.a(fputc.o)
                0x0004ff04                _fputc
                0x0004ff04                _fputc_unlocked
 .text          0x0004ffa4       0x50 /usr/m68k-ataribrown-elf/lib/m68020/softfp/libc.a(mpn-add_n.o)
                0x0004ffa4                ___mpn_add_n
 .text          0x0004fff4       0x4c /usr/m68k-ataribrown-elf/lib/m68020/softfp/libc.a(mpn-addmul_1.o)
                0x0004fff4                ___mpn_addmul_1
 .text          0x00050040      0x9cc /lib/gcc/m68k-ataribrown-elf/6.2.0/m68020/softfp/libgcc.a(_double.o)
                0x0005009a                ___subdf3
                0x000500a0                ___adddf3
                0x00050436                ___muldf3
                0x000505e4                ___divdf3
                0x00050858                ___negdf2
                0x000508b6                ___cmpdf2_internal
                0x00050986                ___cmpdf2
 .text          0x00050a0c       0x6a /lib/gcc/m68k-ataribrown-elf/6.2.0/m68020/softfp/libgcc.a(_floatex.o)
                0x00050a0c                ___clear_sticky_bit
                0x00050a1a                $_exception_handler
 *fill*         0x00050a76        0x2 4e714e71
 .text          0x00050a78       0x22 /lib/gcc/m68k-ataribrown-elf/6.2.0/m68020/softfp/libgcc.a(_ltdf2.o)
                0x00050a78                ___ltdf2
 *fill*         0x00050a9a        0x2 4e714e71
 .text          0x00050a9c      0x3de /lib/gcc/m68k-ataribrown-elf/6.2.0/m68020/softfp/libgcc.a(fpgnulib.o)
                0x00050a9c                ___unordsf2
                0x00050ade                ___unorddf2
                0x00050b32                ___floatunsidf
                0x00050b8c                ___floatsidf
                0x00050c44                ___floatunsisf
                0x00050c58                ___floatsisf
                0x00050c6c                ___extendsfdf2
                0x00050cd0                ___truncdfsf2
                0x00050dee                ___fixdfsi
                0x00050e66                ___fixsfsi
 *fill*         0x00050e7a        0x2 4e714e71
 .text          0x00050e7c      0x730 /lib/gcc/m68k-ataribrown-elf/6.2.0/m68020/softfp/libgcc.a(xfgnulib.o)
                0x00050e7c                ___unordxf2
                0x00050efe                ___extenddfxf2
                0x00050fa8                ___truncxfdf2
                0x00051054                ___extendsfxf2
                0x0005109a                ___truncxfsf2
                0x000510bc                ___floatsixf
                0x00051102                ___floatunsixf
                0x00051148                ___fixxfsi
                0x0005116a                ___addxf3
                0x000511e0                ___subxf3
                0x00051256                ___mulxf3
                0x000512cc                ___divxf3
                0x00051342                ___negxf2
                0x00051398                ___cmpxf2
                0x000513e4                ___eqxf2
                0x00051430                ___nexf2
                0x0005147c                ___ltxf2
                0x000514c8                ___lexf2
                0x00051514                ___gtxf2
                0x00051560                ___gexf2
 .text          0x000515ac       0x1e /usr/m68k-ataribrown-elf/lib/m68020/softfp/libc.a(fscanf.o)
                0x000515ac                _fscanf
 *fill*         0x000515ca        0x2 4e714e71
 .text          0x000515cc       0x20 /usr/m68k-ataribrown-elf/lib/m68020/softfp/libc.a(printf.o)
                0x000515cc                _printf
 .text          0x000515ec       0x1e /usr/m68k-ataribrown-elf/lib/m68020/softfp/libc.a(sscanf.o)
                0x000515ec                _sscanf
 *fill*         0x0005160a        0x2 4e714e71
 .text          0x0005160c     0x29fe /usr/m68k-ataribrown-elf/lib/m68020/softfp/libc.a(vfscanf.o)
                0x0005160c                _vfscanf
                0x0005160c                ___vfscanf
 *fill*         0x0005400a        0x2 4e714e71
 .text          0x0005400c       0x86 /usr/m68k-ataribrown-elf/lib/m68020/softfp/libc.a(vsscanf.o)
                0x0005400c                ___vsscanf
                0x0005400c                _vsscanf
 *fill*         0x00054092        0x2 4e714e71
 .text          0x00054094     0x2072 /usr/m68k-ataribrown-elf/lib/m68020/softfp/libc.a(strtod.o)
                0x000540dc                ___strtod_internal
                0x000560f2                _strtod
 *fill*         0x00056106        0x2 4e714e71
 .text          0x00056108     0x1b22 /usr/m68k-ataribrown-elf/lib/m68020/softfp/libc.a(strtof.o)
                0x00056148                ___strtof_internal
                0x00057c16                _strtof
 *fill*         0x00057c2a        0x2 4e714e71
 .text          0x00057c2c     0x2638 /usr/m68k-ataribrown-elf/lib/m68020/softfp/libc.a(strtold.o)
                0x00057c74                ___strtold_internal
                0x0005a222                _strtold
 .text          0x0005a264      0x50e /usr/m68k-ataribrown-elf/lib/m68020/softfp/libc.a(strtoll.o)
                0x0005a722                ___strtoll_internal
                0x0005a722                ___strtoq_internal
                0x0005a74a                _strtoq
                0x0005a74a                _strtoll
 *fill*         0x0005a772        0x2 4e714e71
 .text          0x0005a774      0x4be /usr/m68k-ataribrown-elf/lib/m68020/softfp/libc.a(strtoull.o)
                0x0005abe2                ___strtouq_internal
                0x0005abe2                ___strtoull_internal
                0x0005ac0a                _strtoull
                0x0005ac0a                _strtouq
 *fill*         0x0005ac32        0x2 4e714e71
 .text          0x0005ac34       0x2c /usr/m68k-ataribrown-elf/lib/m68020/softfp/libc.a(mpn2dbl.o)
                0x0005ac34                ___mpn_construct_double
 .text          0x0005ac60       0x22 /usr/m68k-ataribrown-elf/lib/m68020/softfp/libc.a(mpn2flt.o)
                0x0005ac60                ___mpn_construct_float
 *fill*         0x0005ac82        0x2 4e714e71
 .text          0x0005ac84       0x52 /usr/m68k-ataribrown-elf/lib/m68020/softfp/libc.a(mpn2ldbl.o)
                0x0005ac84                ___mpn_construct_long_double
 *fill*         0x0005acd6        0x2 4e714e71
 .text          0x0005acd8       0x28 /lib/gcc/m68k-ataribrown-elf/6.2.0/m68020/softfp/libgcc.a(_muldi3.o)
                0x0005acd8                ___muldi3
 .text          0x0005ad00       0xba /lib/gcc/m68k-ataribrown-elf/6.2.0/m68020/softfp/libgcc.a(_udivdi3.o)
                0x0005ad00                ___udivdi3
 *fill*         0x0005adba        0x2 4e714e71
 .text          0x0005adbc       0xde /lib/gcc/m68k-ataribrown-elf/6.2.0/m68020/softfp/libgcc.a(_umoddi3.o)
                0x0005adbc                ___umoddi3
 *(.gnu.warning)

CODE            0x0005ae9c    0x1a472
                [!provide]                PROVIDE (__start_CODE, .)
 CODE           0x0005ae9c    0x1a472 ../bmengine/libbmengine.a(bmengine.o)
                0x0005af6c                _BM_Player1StartPointCB
                0x0005af74                _BM_S_EntryPoint
                0x0005aff0                _BM_S_Init
                0x0005b028                _BM_S_Shutdown
                0x0005b048                _BM_E_Init
                0x0005b0d2                _BM_E_Shutdown
                0x0005b0de                _BM_R_BeginScene
                0x0005b0f0                _BM_R_DrawScene
                0x0005b12a                _BM_R_EndScene
                0x0005b1be                _BM_E_SetMap
                0x0005b1e6                _BM_E_LoadLevel
                0x0005b224                _BM_E_ReleaseLevel
                0x0005b244                _BM_E_SetIWAD
                0x0005b27e                _BM_E_AddPWAD
                0x0005b2b8                _BM_E_MapLumpID
                0x0005b306                _BM_E_SetTextureIDRange
                0x0005b34c                _BM_E_MapTextureID
                0x0005b38c                _BM_E_SetFlatIDRange
                0x0005b3d2                _BM_E_MapFlatID
                0x0005b410                _BM_E_SetSidedefTexture
                0x0005b478                _BM_E_RegisterSFX
                0x0005b4ae                _BM_E_TouchSpriteLump
                0x0005b4e8                _BM_E_CacheLumpID
                0x0005b524                _BM_E_OpenWADs
                0x0005b5c8                _BM_E_CloseWADs
                0x0005b5d8                _BM_R_SetWindowSize
                0x0005b600                _BM_R_SetWindowDimensions
                0x0005b6ba                _BM_R_SetCamera
                0x0005b6ec                _BM_R_DeferVisSprite
                0x0005b70c                _BM_E_PrecacheLevel
                0x0005b71e                _BM_E_ProfilerReset
                0x0005b72a                _BM_I_Init
                0x0005b73a                _BM_I_Shutdown
                0x0005b74a                _BM_T_Init
                0x0005b75a                _BM_T_AdvanceTicks
                0x0005b762                _BM_T_CalibrateTicks
                0x0005b782                _BM_T_GetTicks
                0x0005b79a                _BM_T_Shutdown
                0x0005b7aa                _BM_V_Init
                0x0005b83c                _BM_V_Sync
                0x0005b850                _BM_V_ConfigureSplitScreen
                0x0005b888                _BM_V_SetFramebuffer
                0x0005b8b8                _BM_V_Shutdown
                0x0005b8d4                _BM_E_ConsoleText
                0x0005b930                _BM_E_AllocChunk
                0x0005b944                _BM_E_FreeChunk